Archive member included because of file (symbol)

..\libs\esx3xm\libesx3xm.a(x_can.o)
                              ..\temp\release\libs\BSP\CommPort\CANopenComm.o (x_can_bus_init)
..\libs\esx3xm\libesx3xm.a(x_eep.o)
                              ..\temp\release\libs\BSP\EEProm_manager\eep_Manage.o (x_eep_read)
..\libs\esx3xm\libesx3xm.a(x_err.o)
                              ..\libs\esx3xm\libesx3xm.a(x_can.o) (x_err_get_handle)
..\libs\esx3xm\libesx3xm.a(x_in.o)
                              ..\temp\release\libs\BSP\MultiIO\MultiIO.o (x_in_get_value)
..\libs\esx3xm\libesx3xm.a(x_lib.o)
                              (gt_x_lib_version)
..\libs\esx3xm\libesx3xm.a(x_os.o)
                              ..\temp\release\src\main.o (x_os_init)
..\libs\esx3xm\libesx3xm.a(x_os_critical.o)
                              ..\temp\release\libs\BSP\CommPort\CANopenComm.o (x_os_enter_critical)
..\libs\esx3xm\libesx3xm.a(x_out.o)
                              ..\temp\release\libs\BSP\MultiIO\MultiIO.o (x_out_init)
..\libs\esx3xm\libesx3xm.a(x_out_relay.o)
                              ..\temp\release\libs\BSP\MultiIO\MultiIO.o (x_out_relay_set_all)
..\libs\esx3xm\libesx3xm.a(x_sys.o)
                              ..\temp\release\src\main.o (x_sys_init)
..\libs\esx3xm\libesx3xm.a(x_tim.o)
                              ..\temp\release\libs\BSP\CommPort\CANopenComm.o (x_tim_init)
..\libs\esx3xm\libesx3xm.a(xt_adc.o)
                              ..\libs\esx3xm\libesx3xm.a(x_in.o) (xt_adc_set_filter)
..\libs\esx3xm\libesx3xm.a(xt_cal.o)
                              ..\libs\esx3xm\libesx3xm.a(xt_adc.o) (xt_cal_get_data)
..\libs\esx3xm\libesx3xm.a(xt_gpta_timer.o)
                              ..\libs\esx3xm\libesx3xm.a(x_tim.o) (xt_gpta_timer_close)
..\libs\esx3xm\libesx3xm.a(xt_in.o)
                              ..\libs\esx3xm\libesx3xm.a(x_in.o) (xt_in_set_gain)
..\libs\esx3xm\libesx3xm.a(xt_in_freq_avg.o)
                              ..\libs\esx3xm\libesx3xm.a(x_in.o) (xt_in_freq_avg_init)
..\libs\esx3xm\libesx3xm.a(xt_in_freq_avg_pcp.o)
                              ..\libs\esx3xm\libesx3xm.a(xt_in_freq_avg.o) (xt_in_freq_avg_pcp)
..\libs\esx3xm\libesx3xm.a(xt_in_inc.o)
                              ..\libs\esx3xm\libesx3xm.a(x_in.o) (xt_in_inc_get_complement)
..\libs\esx3xm\libesx3xm.a(xt_out.o)
                              ..\libs\esx3xm\libesx3xm.a(x_out.o) (gpr_xt_out_get_dfb)
..\libs\esx3xm\libesx3xm.a(xt_out_cc.o)
                              ..\libs\esx3xm\libesx3xm.a(x_out.o) (xt_out_cc_get_parameters)
..\libs\esx3xm\libesx3xm.a(xt_out_ramp.o)
                              ..\libs\esx3xm\libesx3xm.a(xt_out.o) (xt_out_ramp_startup)
..\libs\esx3xm\libesx3xm.a(xt_out_relay.o)
                              ..\libs\esx3xm\libesx3xm.a(xt_out.o) (xt_out_relay_startup)
..\libs\esx3xm\libesx3xm.a(xt_system.o)
                              ..\libs\esx3xm\libesx3xm.a(x_sys.o) (gpr_xt_sys_get_KL15)
..\libs\esx3xm\libesx3xm.a(xt_sysver.o)
                              ..\libs\esx3xm\libesx3xm.a(x_sys.o) (xt_sys_get_component_info)
..\libs\esx3xm\libesx3xm.a(xll_adc.o)
                              ..\libs\esx3xm\libesx3xm.a(xt_adc.o) (ADC_init)
..\libs\esx3xm\libesx3xm.a(xll_dma.o)
                              ..\libs\esx3xm\libesx3xm.a(xt_system.o) (DMA_init)
..\libs\esx3xm\libesx3xm.a(xll_gpta.o)
                              ..\libs\esx3xm\libesx3xm.a(xt_system.o) (GPTA_init)
..\libs\esx3xm\libesx3xm.a(xll_interrupt.o)
                              ..\libs\esx3xm\libesx3xm.a(xt_adc.o) (install_interrupt)
..\libs\esx3xm\libesx3xm.a(xll_ioport.o)
                              ..\libs\esx3xm\libesx3xm.a(xt_system.o) (PORT_init_MSC)
..\libs\esx3xm\libesx3xm.a(xll_pcp.o)
                              ..\libs\esx3xm\libesx3xm.a(xt_in_freq_avg.o) (xll_pcp_init)
..\libs\esx3xm\libesx3xm.a(xll_system.o)
                              ..\libs\esx3xm\libesx3xm.a(xt_system.o) (system_get_fCPU)
..\libs\esx3xm\libesx3xm.a(xll_systimer.o)
                              ..\libs\esx3xm\libesx3xm.a(xll_system.o) (sys_timer_init)
..\libs\esx3xm\libesx3xm.a(xll_timer.o)
                              ..\libs\esx3xm\libesx3xm.a(xt_system.o) (xll_timer_init)
..\libs\esx3xm\libesx3xm.a(xll_vectortable.o)
                              ..\libs\esx3xm\libesx3xm.a(xll_interrupt.o) (gu32_vector_table_id)
..\libs\esx3xm\libesx3xm.a(ivif_eep.o)
                              ..\libs\esx3xm\libesx3xm.a(xt_system.o) (IVIF_eep_read_list)
..\libs\esx3xm\libesx3xm.a(ivif_eep_drv.o)
                              ..\libs\esx3xm\libesx3xm.a(xt_system.o) (IVIF_eep_drv_init)
..\libs\esx3xm\libesx3xm.a(stwcompid.o)
                              ..\libs\esx3xm\libesx3xm.a(xt_system.o) (CID_bytes_to_string)
..\libs\esx3xm\libesx3xm.a(xb_can.o)
                              ..\libs\esx3xm\libesx3xm.a(x_can.o) (xb_can_bus_init)
..\libs\esx3xm\libesx3xm.a(xb_can_hwtest.o)
                              ..\libs\esx3xm\libesx3xm.a(x_can.o) (xb_can_hwtest_init)
[...]
Memory Configuration

Name             Origin             Length             Attributes
int_crom         0xa0020000         0x001e0000         axr !p
int_crom_max     0xa0200000         0x00000000
ext_crom         0xa1020000         0x003e0000         axr !p
ext_crom_max     0xa1400000         0x00000000
ext_ram_start    0xa4000000         0x00000000
ext_res          0xa4000000         0x00010000         !axrp
ext_res_max      0xa4010000         0x00000000
ext_dram         0xa4010000         0x003e0000         aw !xp
ext_dram_max     0xa43f0000         0x00000000
ext_cram         0xa43f0000         0x00010000         axr !p
ext_cram_max     0xa4400000         0x00000000
int_drom1        0xafe00000         0x00010000         ar !xp
int_drom1_max    0xafe10000         0x00000000
int_drom2        0xafe10000         0x00010000         ar !xp
int_drom2_max    0xafe20000         0x00000000
int_sram         0xc0000000         0x00010000         aw !xp
int_sram_max     0xc0010000         0x00000000
int_sbram        0xc03fc000         0x00004000         aw !xp
int_sbram_max    0xc0400000         0x00000000
int_dram         0xd0000000         0x0000e000         aw !xp
int_dram_max     0xd000e000         0x00000000
int_dpram        0xd000e000         0x00002000         aw !xp
int_dpram_max    0xd0010000         0x00000000
int_spram_start  0xd4000000         0x00000000
int_ivram        0xd4000000         0x00002000         axr !p
int_tvram        0xd4002000         0x00000100         axr !p
int_fcram        0xd4002200         0x00009e00         axr !p
int_spram_max    0xd400c000         0x00000000
pcp_data         0xf0050000         0x00004000         awp !x
pcp_data_max     0xf0054000         0x00000000
pcp_text         0xf0060000         0x00008000         axrp
pcp_text_max     0xf0068000         0x00000000
*default*        0x00000000         0xffffffff

Linker script and memory map

LOAD C:/Program Files (x86)/STW/Tricore Toolchain/GCC_3_4_6/bin/../lib/gcc/tricore/3.4.5/tc1796/crti.o
LOAD C:/Program Files (x86)/STW/Tricore Toolchain/GCC_3_4_6/bin/../lib/gcc/tricore/3.4.5/tc1796/crtbegin.o
LOAD ..\temp\release\libs\BSP\CommPort\CANopenComm.o
LOAD ..\temp\release\libs\BSP\CommPort\col2\templates\col2_config.o
LOAD ..\temp\release\libs\BSP\CommPort\CommInterface.o
LOAD ..\temp\release\libs\BSP\CommPort\PDOConfig.o
LOAD ..\temp\release\libs\BSP\EEProm_manager\eep_Manage.o
LOAD ..\temp\release\libs\BSP\HubSystem\HubSystem.o
LOAD ..\temp\release\libs\BSP\HubSystem\HubSystemControl.o
LOAD ..\temp\release\libs\BSP\HubSystem\HubSystemData.o
LOAD ..\temp\release\libs\BSP\MultiIO\MultiIO.o
LOAD ..\temp\release\libs\BSP\MultiIO\MultiIOConfig.o
LOAD ..\temp\release\libs\BSP\OD\DeviceOD.o
LOAD ..\temp\release\libs\BSP\RemoteControl\RemoteControl.o
LOAD ..\temp\release\libs\BSP\RemoteControl\RemoteControlData.o
LOAD ..\temp\release\libs\BSP\RemoteControl\RemoteControlDisplay.o
LOAD ..\temp\release\libs\BSP\RemoteControl\RemoteControlDisplayErrorText.o
LOAD ..\temp\release\libs\BSP\Safety\Safety.o
LOAD ..\temp\release\libs\BSP\Safety\SafetyData.o
LOAD ..\temp\release\libs\BSP\Safety\SafetyHubSys.o
LOAD ..\temp\release\libs\BSP\Safety\SafetyHubSysData.o
LOAD ..\temp\release\libs\BSP\Safety\SafetyNormal.o
LOAD ..\temp\release\libs\BSP\Safety\SafetyPLC.o
LOAD ..\temp\release\libs\BSP\Safety\SafetyPLCData.o
LOAD ..\temp\release\src\main.o
LOAD ..\libs\esx3xm\libesx3xm.a
LOAD ..\libs\eb02\libeb02.a
LOAD ..\libs\eb05\libeb05.a
LOAD ..\libs\BSP\CommPort\col2\library\col2_tricore.a
LOAD ..\libs\esx3xm\libesx3xm.a
LOAD ..\libs\eb02\libeb02.a
LOAD ..\libs\eb05\libeb05.a
LOAD C:/Program Files (x86)/STW/Tricore Toolchain/GCC_3_4_6/bin/../tricore/lib/tc1796\libstdc++.a
LOAD C:/Program Files (x86)/STW/Tricore Toolchain/GCC_3_4_6/bin/../tricore/lib/tc1796\libm.a
LOAD C:/Program Files (x86)/STW/Tricore Toolchain/GCC_3_4_6/bin/../lib/gcc/tricore/3.4.5/tc1796\libgcc.a
LOAD C:/Program Files (x86)/STW/Tricore Toolchain/GCC_3_4_6/bin/../tricore/lib/tc1796\libc.a
LOAD C:/Program Files (x86)/STW/Tricore Toolchain/GCC_3_4_6/bin/../tricore/lib/tc1796\libos.a
LOAD C:/Program Files (x86)/STW/Tricore Toolchain/GCC_3_4_6/bin/../tricore/lib/tc1796\libc.a
LOAD C:/Program Files (x86)/STW/Tricore Toolchain/GCC_3_4_6/bin/../lib/gcc/tricore/3.4.5/tc1796\libgcc.a
LOAD C:/Program Files (x86)/STW/Tricore Toolchain/GCC_3_4_6/bin/../lib/gcc/tricore/3.4.5/tc1796/crtend.o
LOAD C:/Program Files (x86)/STW/Tricore Toolchain/GCC_3_4_6/bin/../lib/gcc/tricore/3.4.5/tc1796/crtn.o

.int_crom_min   0xa0020000        0x0
                0xa0020000                MEM_INT_CROM_START = <code 335> (.)

.ext_crom_min   0xa1020000        0x0
                0xa1020000                MEM_EXT_CROM_START = <code 335> (.)

.ext_ram_min    0xa4000000        0x0
                0xa4000000                MEM_EXT_RAM_START = <code 335> (.)

.ext_res_min    0xa4000000        0x0
                0xa4000000                MEM_EXT_RES_START = <code 335> (.)

.ext_dram_min   0xa4010000        0x0
                0xa4010000                MEM_EXT_DRAM_START = <code 335> (.)

.ext_cram_min   0xa43f0000        0x0
                0xa43f0000                MEM_EXT_CRAM_START = <code 335> (.)

.int_drom1_min  0xafe00000        0x0
                0xafe00000                MEM_INT_DROM1_START = <code 335> (.)

.int_drom2_min  0xafe10000        0x0
                0xafe10000                MEM_INT_DROM2_START = <code 335> (.)

.int_sram_min   0xc0000000        0x0
                0xc0000000                MEM_INT_SRAM_START = <code 335> (.)

.int_sbram_min  0xc03fc000        0x0
                0xc03fc000                MEM_INT_SBRAM_START = <code 335> (.)

.int_dram_min   0xd0000000        0x0
                0xd0000000                MEM_INT_DRAM_START = <code 335> (.)

.int_dpram_min  0xd000e000        0x0
                0xd000e000                MEM_INT_DPRAM_START = <code 335> (.)

.int_spram_min  0xd4000000        0x0
                0xd4000000                MEM_INT_SPRAM_START = <code 335> (.)

.pcp_data_min   0xf0050000        0x0
                0xf0050000                MEM_PCP_DATA_START = <code 335> (.)

.pcp_text_min   0xf0060000        0x0
                0xf0060000                MEM_PCP_TEXT_START = <code 335> (.)

.int_crom_max   0xa0200000        0x0
                0xa0200000                MEM_INT_CROM_END = <code 335> (.)

.ext_crom_max   0xa1400000        0x0
                0xa1400000                MEM_EXT_CROM_END = <code 335> (.)

.ext_res_max    0xa4010000        0x0
                0xa4010000                MEM_EXT_RES_END = <code 335> (.)

.ext_dram_max   0xa43f0000        0x0
                0xa43f0000                MEM_EXT_DRAM_END = <code 335> (.)

.ext_cram_max   0xa4400000        0x0
                0xa4400000                MEM_EXT_CRAM_END = <code 335> (.)

.int_drom1_max  0xafe10000        0x0
                0xafe10000                MEM_INT_DROM1_END = <code 335> (.)

.int_drom2_max  0xafe20000        0x0
                0xafe20000                MEM_INT_DROM2_END = <code 335> (.)

.int_sram_max   0xc0010000        0x0
                0xc0010000                MEM_INT_SRAM_END = <code 335> (.)

.int_sbram_max  0xc0400000        0x0
                0xc0400000                MEM_INT_SBRAM_END = <code 335> (.)

.int_dram_max   0xd000e000        0x0
                0xd000e000                MEM_INT_DRAM_END = <code 335> (.)

.int_dpram_max  0xd0010000        0x0
                0xd0010000                MEM_INT_DPRAM_END = <code 335> (.)

.int_spram_max  0xd400c000        0x0
                0xd400c000                MEM_INT_SPRAM_END = <code 335> (.)

.pcp_data_max   0xf0054000        0x0
                0xf0054000                MEM_PCP_DATA_END = <code 335> (.)

.pcp_text_max   0xf0068000        0x0
                0xf0068000                MEM_PCP_TEXT_END = <code 335> (.)
                0xa1020000                __APPLICATION_START = MEM_EXT_CROM_START

.boot           0xa1020000       0x18
 *(.boot_code)
 .boot_code     0xa1020000       0x18 ..\libs\esx3xm\libesx3xm.a(startup.o)
                0xa1020016                gu16_DEF_TRAPTAB_SIZE
                0xa102000a                gu16_STARTUP_VERSION
                0xa1020008                gu16_STARTUP_TYPE
                0xa1020000                _start
                0xa102000c                gu32_DEF_OSC_FREQUENCY
                0xa1020014                gu16_DEF_INTTAB_SIZE

.validprogramkey
                0xa1020018        0x4
                0xa1020018        0x4 LONG 0x900dc0de

.libversion     0xa1020020       0x44
 *(.libversion)
 .libversion    0xa1020020       0x44 ..\libs\esx3xm\libesx3xm.a(x_lib.o)
                0xa1020020                gt_x_lib_version

.extlibinfo_start
                0xa10200fc        0x4
                0xa10200fc        0x4 LONG 0x348 __EXTLIBINFO_OFFSET

.tvect          0xd4002000      0x100 load address 0xa1020100
 *(.traptab)
 .traptab       0xd4002000      0x100 ..\libs\esx3xm\libesx3xm.a(xll_vectortable.o)
                0xd4002000                _default_trap_vect
                0xa1020100                gu32_default_trap_vect = LOADADDR (.tvect)

.application_info
                0xa1020200      0x148
 *(.application_info)
 .application_info
                0xa1020200      0x146 ..\temp\release\src\main.o
                0xa1020200                gt_AppInfo
                0xa1020348                . = ALIGN (0x4)
 *fill*         0xa1020346        0x2 00000000
 *fill*         0xa1020348        0x0 00000000

.extlibinfo     0xa1020348      0x3d4
                0xa1020348                . = ALIGN (0x4)
                0xa1020348                __EXTLIBINFO_START = <code 335> (.)
 *(.extlibinfo)
 .extlibinfo    0xa1020348      0x146 ..\libs\esx3xm\libesx3xm.a(x_lib.o)
                0xa1020348                gt_x_lib_info
 .extlibinfo    0xa102048e      0x146 ..\libs\eb02\libeb02.a(x02_sys.o)
                0xa102048e                gt_x02_lib_info
 .extlibinfo    0xa10205d4      0x146 ..\libs\eb05\libeb05.a(x05_sys.o)
                0xa10205d4                gt_x05_lib_info
                0xa102071c                . = ALIGN (0x4)
 *fill*         0xa102071a        0x2 00000000
 *fill*         0xa102071c        0x0 00000000
                0x00000348                __EXTLIBINFO_OFFSET = (SIZEOF (.extlibinfo) > 0x0)?(__EXTLIBINFO_START - __APPLICATION_START):0x0

.romendinfo     0xa102071c        0x8
                0xa102071c                . = ALIGN (0x4)
                0xa102071c                gu32_EndOfUsedRomInternal = .
                0xa102071c        0x4 LONG 0xa0020000 MEM_INT_CROM_USED_END
                0xa1020720                gu32_EndOfUsedRom = .
                0xa1020720        0x4 LONG 0xa104f518 MEM_EXT_CROM_USED_END

.block_signature
                0xa1020724       0x38
                0xa1020728                . = ALIGN (0x8)
 *fill*         0xa1020724        0x4 00
 *fill*         0xa1020728        0x0 00
                0xa1020728                gt_ApplicationSignatureBlock = <code 335> (.)
                0xa1020728        0x4 LONG 0x6d777a3b
                0xa102072c        0x4 LONG 0x55674b32
                0xa1020730        0x4 LONG 0x200215a
                0xa1020734        0x4 LONG 0x34
                0xa1020738        0x4 LONG 0x2000002
                0xa102073c        0x4 LONG 0xa0020000 MEM_INT_CROM_START
                0xa1020740        0x4 LONG 0xa001ffff (MEM_INT_CROM_USED_END - 0x1)
                0xa1020744        0x4 LONG 0xa1020000 MEM_EXT_CROM_START
                0xa1020748        0x4 LONG 0xa104f517 (MEM_EXT_CROM_USED_END - 0x1)
                0xa102074c        0x8 QUAD 0x0
                0xa1020754        0x8 QUAD 0x0

.abs_text_i     0xa0020000        0x0
                0xa0020000                . = ALIGN (0x4)
 *(.abs.text_i)
 *(.abs.text_i.*)
                0xa0020000                . = ALIGN (0x4)

.text           0xa102075c     0xdfa4
                0xa102075c                . = ALIGN (0x4)
 *(.text)
 .text          0xa102075c       0x90 C:/Program Files (x86)/STW/Tricore Toolchain/GCC_3_4_6/bin/../lib/gcc/tricore/3.4.5/tc1796/crtbegin.o
 .text          0xa10207ec      0xa08 ..\temp\release\libs\BSP\CommPort\CANopenComm.o
                0xa10209b2                SDOHandle
                0xa10211be                TaskCANopen
                0xa1021142                NMTManagement
                0xa10207ec                CANBusChk
                0xa1020cb0                PDOHandle
                0xa1020eb4                Callback
                0xa10208dc                ResetNode
                0xa1020f1a                NMTInit
                0xa1020fb8                CANopenCommInit
                0xa1020942                CANopenParaUpdate
                0xa1020844                SyncInit
                0xa1020dce                SyncHandle
 .text          0xa10211f4        0x8 ..\temp\release\libs\BSP\CommPort\CommInterface.o
                0xa10211f8                TaskCommInterface
                0xa10211f4                InitTaskCommInterface
 .text          0xa10211fc      0xcc2 ..\temp\release\libs\BSP\CommPort\PDOConfig.o
                0xa10211fc                PDOListSetup
 .text          0xa1021ebe       0x96 ..\temp\release\libs\BSP\EEProm_manager\eep_Manage.o
                0xa1021efe                EEPDataLoad
                0xa1021ebe                EEPDataStore
 .text          0xa1021f54     0x1102 ..\temp\release\libs\BSP\HubSystem\HubSystem.o
                0xa1021f54                InitInterfaceHubSys
                0xa1022fd6                InitHubSystem
                0xa102269e                SetHubValueGenerate
                0xa102274e                HubParameterUpdate
                0xa1023008                HubSysAwake
                0xa1022f0a                Task_HubSysManage
 .text          0xa1023056     0x175c ..\temp\release\libs\BSP\HubSystem\HubSystemControl.o
                0xa1023240                MaxHubDiff
                0xa1023108                resetAllController
                0xa102320a                StopHubInverter
                0xa1024758                Task_HubSysControl
                0xa1023ae8                ControllerAxel11
                0xa1023056                StartHubInverter
                0xa1023344                SetHubHeight
                0xa10238ee                GetHubMeasurement
                0xa1023e04                ControllerAxel12
                0xa102443c                ControllerAxel22
                0xa1024120                ControllerAxel21
 .text          0xa10247b2      0x444 ..\temp\release\libs\BSP\MultiIO\MultiIO.o
                0xa1024922                MultiIOEB05Init
                0xa1024b74                InitMultiIO
                0xa10249e2                meanFilter
                0xa1024a0a                Task_IOPort
                0xa10247b2                MultiIOMainBoardInit
 .text          0xa1024bf6      0x272 ..\temp\release\libs\BSP\OD\DeviceOD.o
                0xa1024e0c                BindODMem
                0xa1024d3c                StoreLoadOD
                0xa1024bf6                ODMemInit
                0xa1024cc2                GetSetOD
 .text          0xa1024e68      0x4f4 ..\temp\release\libs\BSP\RemoteControl\RemoteControl.o
                0xa1025236                GetButtonValue
                0xa10252e0                InitRemoteControl
                0xa10252d6                Task_RemoteControlDisplay
                0xa1024e68                InitInterfaceRemoteControl
                0xa1025316                TaskRemoteControlAwake
                0xa102529c                Task_RemoteControl
 .text          0xa102535c     0x1f86 ..\temp\release\libs\BSP\RemoteControl\RemoteControlDisplay.o
                0xa102535c                GetNumErrorTextList
                0xa10271b2                SetPageInit
                0xa102537c                DisplayPageInit
                0xa1025c3c                DisplayRun
                0xa1026d04                DisplayNotFall
                0xa10268a8                DisplayAutoDrive
                0xa1026e60                DisplayError
                0xa1025bfa                DisplayReady
                0xa10255de                DisplayPageUpdate
                0xa1025ba8                DisplayInit
                0xa10261d8                DisplayHub
                0xa10271d2                Display
 .text          0xa10272e2      0x282 ..\temp\release\libs\BSP\Safety\Safety.o
                0xa10274cc                SafetyTimer
                0xa1027546                InitSafety
                0xa10273ce                SetErrorCode
                0xa10274d0                Task_Safety
                0xa1027478                ClearErrorCode
                0xa10273be                setFault
                0xa10272e2                InitInterfaceSafety
 .text          0xa1027564      0x9b8 ..\temp\release\libs\BSP\Safety\SafetyHubSys.o
                0xa1027564                InitSafetyHubSys
                0xa1027880                HubSysSafetyHandleTemperatur
                0xa10278ce                HubSysSafetyHandleHubLast
                0xa1027c1a                HubSysSafetyNodeStatus
                0xa1027a58                HubSysSafetyHandlePumpe
                0xa1027c74                TimerSafetyHubSys
                0xa1027c60                HandleSafetyHubSys
                0xa1027ae6                HubSysSafetyHandleVentil
 .text          0xa1027f1c       0xbe ..\temp\release\libs\BSP\Safety\SafetyNormal.o
                0xa1027f1c                HandleSafetyNormal
 .text          0xa1027fda      0x33e ..\temp\release\libs\BSP\Safety\SafetyPLC.o
                0xa10280d6                SafetyErrorCPU
                0xa1027fda                InitSafetyPLC
                0xa1028314                HandleSafetyPLC
 .text          0xa1028318      0x26c ..\temp\release\src\main.o
                0xa1028354                main
                0xa1028318                InitSys
 .text          0xa1028584      0x29c ..\libs\eb02\libeb02.a(x02_sys.o)
                0xa1028584                x02_lib_get_version
                0xa10285a2                x02_sys_init
                0xa1028600                x02_sys_reset
                0xa10287ac                x02_sys_get_component_info
 .text          0xa1028820      0x81e ..\libs\eb02\libeb02.a(eb02_in.o)
                0xa1028c62                eb02_adc_init
                0xa1028ed0                eb02_digin_inc_init
                0xa1028a04                eb02_digin_init
                0xa10289a4                eb02_digin_get_raw_value
                0xa1028dd0                eb02_digin_frequency_init
 .text          0xa102903e      0x1d8 ..\libs\eb02\libeb02.a(eb02_out.o)
                0xa10291bc                eb02_out_reset_error
                0xa1029166                eb02_out_set_value
                0xa102903e                eb02_out_init
 .text          0xa1029216      0x2f0 ..\libs\eb02\libeb02.a(eb02_variant.o)
                0xa1029254                eb02_variant_get_scale_factor
                0xa1029418                eb02_variant_get_prev_group_channel
                0xa1029216                eb02_variant_check_pintype
                0xa1029348                eb02_variant_install_interrupt
                0xa10293ee                eb02_variant_get_next_group_channel
                0xa1029282                eb02_variant_get_installed_modules
                0xa10293c4                eb02_variant_get_first_group_channel
                0xa1029442                eb02_variant_set_threshold
 .text          0xa1029506      0x2da ..\libs\eb05\libeb05.a(x05_in.o)
                0xa1029784                x05_in_get_raw_value
                0xa1029506                x05_in_init
                0xa1029630                x05_in_get_status
                0xa1029728                x05_in_get_value
 .text          0xa10297e0      0x444 ..\libs\eb05\libeb05.a(x05_out.o)
                0xa1029b4c                x05_out_get_current
                0xa10298f8                x05_out_get_control_parameters
                0xa10298a4                x05_out_set_control_parameters
                0xa10299b8                x05_out_set_value
                0xa10297e0                x05_out_init
                0xa1029a5c                x05_out_reset_oc_error
                0xa1029948                x05_out_set_relay
                0xa1029ace                x05_out_get_status
                0xa1029a06                x05_out_set_frequency
                0xa1029aa0                x05_out_reset_gnd_error
                0xa102997c                x05_out_init_gnd_error
                0xa1029bb8                x05_out_get_voltage
 .text          0xa1029c24      0x1e4 ..\libs\eb05\libeb05.a(x05_sys.o)
                0xa1029c24                x05_sys_init
                0xa1029c86                x05_sys_get_adc_value_scaled
                0xa1029d04                x05_sys_get_adc_filter
                0xa1029c36                x05_sys_reset
                0xa1029d4a                x05_lib_get_version
                0xa1029d68                x05_sys_get_component_info
                0xa1029cba                x05_sys_set_adc_filter
 .text          0xa1029e08      0x4e8 ..\libs\eb05\libeb05.a(eb04_in.o)
                0xa1029f1e                eb04_digin_init
                0xa1029e94                eb04_digin_get_raw_value
                0xa102a26e                eb04_in_reset_board
                0xa102a024                eb04_in_adc_init
                0xa102a17e                eb04_in_init_boards
                0xa102a220                eb04_in_get_mux_raw_value_scaled
 .text          0xa102a2f0      0x9b4 ..\libs\eb05\libeb05.a(eb04_out.o)
                0xa102a31e                eb04_out_init_boards
                0xa102a9ae                eb04_out_set_frequency
                0xa102abcc                eb04_out_reset_board
                0xa102a5da                eb04_out_init_pin
                0xa102a568                eb04_out_main_switch_enable
                0xa102a8da                eb04_out_set_digital
                0xa102aa28                eb04_out_reset_oc_error
                0xa102aaae                eb04_out_reset_gnd_error
                0xa102aa74                eb04_out_update_status
 .text          0xa102aca4      0x260 ..\libs\eb05\libeb05.a(eb04_out_cc.o)
                0xa102aca4                eb04_out_get_cc_parameters
                0xa102ad98                eb04_out_set_cc_parameters
                0xa102ae7a                eb04_out_init_cc
                0xa102acda                eb04_out_set_cc_setpoint
 .text          0xa102af04      0x1d0 ..\libs\eb05\libeb05.a(eb04_out_fpga.o)
                0xa102b0bc                eb04_fpga_out_get_pwm_freq
                0xa102af04                eb04_fpga_out_set_pwm_freq
 .text          0xa102b0d4      0x194 ..\libs\eb05\libeb05.a(eb04_pid_control.o)
                0xa102b0d4                eb04_pid_init
 .text          0xa102b268      0x52a ..\libs\eb05\libeb05.a(eb04_variant.o)
                0xa102b3e0                eb04_variant_get_first_group_pin
                0xa102b292                eb04_variant_get_variant
                0xa102b34a                eb04_variant_check_pintype
                0xa102b45a                eb04_variant_init
                0xa102b428                eb04_variant_get_next_group_pin
                0xa102b3aa                eb04_variant_get_mux_scale_factor
                0xa102b770                eb04_variant_generate_stw_version
                0xa102b3d0                eb04_variant_check_calibration
                0xa102b2b4                eb04_variant_get_pintype
                0xa102b37e                eb04_variant_get_scale_factor
                0xa102b2dc                eb04_variant_get_feedbacktype
                0xa102b304                eb04_variant_get_options
                0xa102b328                eb04_variant_get_gnd_check_init
                0xa102b270                eb04_variant_get_board_id
 .text          0xa102b792      0x1f6 ..\libs\BSP\CommPort\col2\library\col2_tricore.a(col2.o)
                0xa102b792                col2_init
 .text          0xa102b988      0x962 ..\libs\BSP\CommPort\col2\library\col2_tricore.a(col2_base.o)
                0xa102bed2                col2_pdo_write
                0xa102baf2                col2_task
                0xa102bf32                col2_pdo_read
                0xa102bf3e                col2_pdo_read_timestamped
                0xa102be02                col2_emcy_read
                0xa102c2c2                col2_library_get_version
                0xa102bc42                col2_guarding_register_slave
                0xa102c2c8                col2_uti_get_time_ms
                0xa102c0c6                col2_sdo_read
                0xa102c276                col2_sdo_get_last_error
                0xa102bf94                col2_sdo_write
                0xa102bd76                col2_nmt_get_slave_status
                0xa102bcec                col2_heartbeat_register_consumer
                0xa102bcba                col2_heartbeat_init
                0xa102bdc0                col2_nmt_send
                0xa102bac4                col2_close
                0xa102be5e                col2_pdo_register
 .text          0xa102c2ea       0xb2 ..\libs\BSP\CommPort\col2\library\col2_tricore.a(col2_internal.o)
                0xa102c33a                col2_init_instance
                0xa102c2ea                col2_alloc_instance
                0xa102c332                col2_release_instance
 .text          0xa102c39c       0x12 C:/Program Files (x86)/STW/Tricore Toolchain/GCC_3_4_6/bin/../tricore/lib/tc1796\libm.a(sf_finite.o)
                0xa102c39c                finitef
 .text          0xa102c3ae        0x6 C:/Program Files (x86)/STW/Tricore Toolchain/GCC_3_4_6/bin/../tricore/lib/tc1796\libm.a(sf_nan.o)
                0xa102c3ae                nanf
 .text          0xa102c3b4      0x94e C:/Program Files (x86)/STW/Tricore Toolchain/GCC_3_4_6/bin/../lib/gcc/tricore/3.4.5/tc1796\libgcc.a(fp-bit.o)
                0xa102ccb8                __make_fp
                0xa102cb3a                __lesf2
                0xa102ca52                __nesf2
                0xa102c4cc                __unpack_f
                0xa102ca8c                __gtsf2
                0xa102cc98                __f_neg
                0xa102c3b4                __pack_f
                0xa102c6b2                __f_add
                0xa102ca18                __eqsf2
                0xa102ccce                __f_ftod
                0xa102c9ee                __cmpsf2
                0xa102cb00                __ltsf2
                0xa102cac6                __gesf2
                0xa102cc26                __f_uitof
                0xa102cba8                __f_itof
                0xa102c85c                __f_div
                0xa102cb74                __unordsf2
                0xa102c6e6                __f_sub
                0xa102c938                __fpcmp_parts_f
                0xa102c722                __f_mul
 .text          0xa102cd02      0xdf6 C:/Program Files (x86)/STW/Tricore Toolchain/GCC_3_4_6/bin/../lib/gcc/tricore/3.4.5/tc1796\libgcc.a(dp-bit.o)
                0xa102d650                __cmpdf2
                0xa102d67c                __eqdf2
                0xa102d6f4                __gtdf2
                0xa102d8c4                __d_uitod
                0xa102da98                __make_dp
                0xa102d76c                __ltdf2
                0xa102cf54                __unpack_d
                0xa102d7a8                __ledf2
                0xa102d584                __fpcmp_parts_d
                0xa102d974                __d_dtoi
                0xa102d81a                __d_itod
                0xa102d6b8                __nedf2
                0xa102d25a                __d_mul
                0xa102d1e2                __d_add
                0xa102d9ee                __d_dtoui
                0xa102d7e4                __unorddf2
                0xa102da78                __d_neg
                0xa102d45a                __d_div
                0xa102dab6                __d_dtof
                0xa102d21a                __d_sub
                0xa102d730                __gedf2
                0xa102cd02                __pack_d
 .text          0xa102daf8      0x33c C:/Program Files (x86)/STW/Tricore Toolchain/GCC_3_4_6/bin/../lib/gcc/tricore/3.4.5/tc1796\libgcc.a(udiv64.o)
                0xa102daf8                __divdi3
                0xa102dbce                __ll_udiv64
                0xa102ddcc                __udivmoddi4
                0xa102db04                __umoddi3
                0xa102db00                __udivdi3
                0xa102dd98                __ll_rem64
                0xa102db08                udiv6432
                0xa102dd02                __ll_div64
                0xa102dcce                __ll_urem64
                0xa102de00                __divmoddi4
                0xa102dafc                __moddi3
 .text          0xa102de34       0x1a C:/Program Files (x86)/STW/Tricore Toolchain/GCC_3_4_6/bin/../tricore/lib/tc1796\libc.a(malloc.o)
                0xa102de34                malloc
                0xa102de40                free
 .text          0xa102de4e      0x4c0 C:/Program Files (x86)/STW/Tricore Toolchain/GCC_3_4_6/bin/../tricore/lib/tc1796\libc.a(mallocr.o)
                0xa102de4e                _malloc_r
 .text          0xa102e30e        0x4 C:/Program Files (x86)/STW/Tricore Toolchain/GCC_3_4_6/bin/../tricore/lib/tc1796\libc.a(mlock.o)
                0xa102e310                __malloc_unlock
                0xa102e30e                __malloc_lock
 .text          0xa102e312       0x22 C:/Program Files (x86)/STW/Tricore Toolchain/GCC_3_4_6/bin/../tricore/lib/tc1796\libc.a(sbrkr.o)
                0xa102e312                _sbrk_r
 .text          0xa102e334      0x272 C:/Program Files (x86)/STW/Tricore Toolchain/GCC_3_4_6/bin/../tricore/lib/tc1796\libc.a(freer.o)
                0xa102e3ec                _free_r
                0xa102e334                _malloc_trim_r
 .text          0xa102e5a6       0xde C:/Program Files (x86)/STW/Tricore Toolchain/GCC_3_4_6/bin/../tricore/lib/tc1796\libc.a(reent.o)
                0xa102e5a6                cleanup_glue
                0xa102e5ba                _reclaim_reent
                0xa102e640                _wrapup_reent
 .text          0xa102e684        0x4 C:/Program Files (x86)/STW/Tricore Toolchain/GCC_3_4_6/bin/../tricore/lib/tc1796\libos.a(libos_exit.o)
                0xa102e684                _exit
 .text          0xa102e688       0x42 C:/Program Files (x86)/STW/Tricore Toolchain/GCC_3_4_6/bin/../tricore/lib/tc1796\libos.a(libos_sbrk.o)
                0xa102e688                sbrk
 .text          0xa102e6ca        0x4 C:/Program Files (x86)/STW/Tricore Toolchain/GCC_3_4_6/bin/../tricore/lib/tc1796\libos.a(libos_abort.o)
                0xa102e6ca                abort
 .text          0xa102e6ce        0xa C:/Program Files (x86)/STW/Tricore Toolchain/GCC_3_4_6/bin/../tricore/lib/tc1796\libc.a(errno.o)
                0xa102e6ce                __errno
 .text          0xa102e6d8       0x26 C:/Program Files (x86)/STW/Tricore Toolchain/GCC_3_4_6/bin/../lib/gcc/tricore/3.4.5/tc1796/crtend.o
 *(.text.*)
 *(.gnu.linkonce.t.*)
 *(.gnu.warning)
                0xa102e700                . = ALIGN (0x4)
 *fill*         0xa102e6fe        0x2 00000000
 *fill*         0xa102e700        0x0 00000000

.stw_bios_text  0xa102e700    0x103ba
 *(.startup_code)
 .startup_code  0xa102e700      0x678 ..\libs\esx3xm\libesx3xm.a(startup.o)
                0xa102ed78                SEC_STW_BIOS_TEXT_START = <code 335> (.)
                0xa102ed78                . = ALIGN (0x8)
                0xa102ed78                MPU_EXPORT_SAFETY_CRITICAL_STW_BIOS_CODE_START = <code 335> (.)
 *(*.safety_critical.stw_bios.text*)
                0xa102ed78                . = ALIGN (0x8)
                0xa102ed78                MPU_EXPORT_SAFETY_CRITICAL_STW_BIOS_CODE_END = <code 335> (.)
 *(*.stw_bios.text*)
 .stw_bios.text
                0xa102ed78      0x504 ..\libs\esx3xm\libesx3xm.a(x_can.o)
                0xa102efa8                x_can_bus_perform_busoff_recovery
                0xa102f0b0                x_can_obj_get_msg
                0xa102ee92                x_can_bus_close
                0xa102eed0                x_can_bus_get_status
                0xa102edea                x_can_bus_init
                0xa102f02c                x_can_obj_init_gateway
                0xa102ef70                x_can_bus_change_busoff_time
                0xa102ef20                x_can_bus_lock
                0xa102f120                x_can_obj_set_auto_response
                0xa102f252                x_can_obj_set_pause
                0xa102f1d6                x_can_obj_get_status
                0xa102ee28                x_can_bus_init_ext
                0xa102ed78                x_can_self_test
                0xa102f200                x_can_obj_lock
                0xa102f07e                x_can_obj_close
                0xa102f0ec                x_can_obj_send_msg
                0xa102f14a                x_can_obj_send_rtr_req
                0xa102efda                x_can_obj_init
                0xa102f228                x_can_obj_set_filter
                0xa102eef6                x_can_bus_set_masks
                0xa102ee68                x_can_bus_get_sample_point
                0xa102f1ac                x_can_obj_clear_buf
                0xa102f182                x_can_obj_get_buf_count
                0xa102ef48                x_can_bus_init_failure_callback
 .stw_bios.text
                0xa102f27c       0xcc ..\libs\esx3xm\libesx3xm.a(x_eep.o)
                0xa102f2ba                x_eep_write
                0xa102f320                x_eep_get_status
                0xa102f27c                x_eep_read
                0xa102f2f8                x_eep_flush
 .stw_bios.text
                0xa102f348       0x50 ..\libs\esx3xm\libesx3xm.a(x_err.o)
                0xa102f348                x_err_init
                0xa102f38e                x_err_get_handle
 .stw_bios.text
                0xa102f398      0x7a6 ..\libs\esx3xm\libesx3xm.a(x_in.o)
                0xa102f9e6                x_in_init
                0xa102f41c                x_in_get_status
                0xa102f4f0                x_in_get_frequency
                0xa102f7cc                x_t_in_get_frequency_avg
                0xa102f71c                x_t_in_init_frequency_avg
                0xa102f57a                x_in_get_duty_cycle
                0xa102f3da                x_in_get_raw_value
                0xa102f398                x_in_get_value
                0xa102f614                x_in_get_counter
                0xa102f66e                x_in_set_counter
                0xa102f6c6                x_in_get_counter_direction
 .stw_bios.text
                0xa102fb3e       0x1e ..\libs\esx3xm\libesx3xm.a(x_lib.o)
                0xa102fb3e                x_lib_get_version
 .stw_bios.text
                0xa102fb5c      0x318 ..\libs\esx3xm\libesx3xm.a(x_os.o)
                0xa102fd5c                x_os_set_task_timer
                0xa102fdd0                x_os_wait_period
                0xa102fe38                x_os_delete_task
                0xa102fe62                x_os_get_status
                0xa102fe10                x_os_resume_task
                0xa102fbf0                x_os_install_task
                0xa102fde4                x_os_get_events
                0xa102fde0                x_os_set_events
                0xa102fdd8                x_os_set_event_mask
                0xa102fbae                x_os_start
                0xa102fcfc                x_os_check_task_stack
                0xa102fd34                x_os_check_task_stack_ext
                0xa102fddc                x_os_get_event_mask
                0xa102fdc4                x_os_wait_for_events
                0xa102fc9a                x_os_install_task_ext
                0xa102fdd4                x_os_sleep
                0xa102fd9c                x_os_set_task_timer_ext
                0xa102fde8                x_os_suspend_task
                0xa102fb5c                x_os_init
 .stw_bios.text
                0xa102fe74       0x4e ..\libs\esx3xm\libesx3xm.a(x_os_critical.o)
                0xa102fe74                x_os_enter_critical
                0xa102fea4                x_os_leave_critical
 .stw_bios.text
                0xa102fec2      0x4c4 ..\libs\esx3xm\libesx3xm.a(x_out.o)
                0xa10301bc                x_out_get_status
                0xa103024e                x_out_get_current
                0xa103006a                x_out_set_control_parameters
                0xa103017a                x_out_set_frequency
                0xa10302d0                x_out_reset_error
                0xa1030334                x_out_set_value_ramping
                0xa10300bc                x_out_get_control_parameters
                0xa103010a                x_out_set_value
                0xa102fec2                x_out_init
 .stw_bios.text
                0xa1030386      0x11c ..\libs\esx3xm\libesx3xm.a(x_out_relay.o)
                0xa1030386                x_out_relay_init
                0xa10303c0                x_out_relay_set
                0xa1030442                x_out_relay_get_status
                0xa1030470                x_out_relay_reset_error
                0xa10303fc                x_out_relay_set_all
 .stw_bios.text
                0xa10304a2      0x5b4 ..\libs\esx3xm\libesx3xm.a(x_sys.o)
                0xa10305fe                x_sys_reset
                0xa1030576                x_sys_trigger_cpu_watchdog
                0xa103052a                x_sys_stay_alive
                0xa1030514                x_sys_get_ignition
                0xa1030842                x_sys_get_adc_value
                0xa1030638                x_sys_delay_us
                0xa10309f8                x_sys_get_adc_filter
                0xa10304a2                x_sys_init
                0xa10309d2                x_sys_set_adc_filter
                0xa103064c                x_sys_set_all_relays
                0xa10306c2                x_sys_set_led
                0xa10304dc                x_sys_get_system_information
                0xa1030682                x_sys_set_relay
                0xa1030896                x_sys_get_adc_value_scaled
                0xa1030a1e                x_sys_get_temperature
                0xa1030620                x_sys_get_time_us
                0xa103090a                x_sys_get_adc_raw_value
                0xa10307ea                x_sys_close
                0xa1030614                x_sys_get_timer
                0xa10307a0                x_sys_set_sensor_supply
                0xa103062c                x_sys_get_time_ms
                0xa1030960                x_sys_get_adc_raw_value_scaled
                0xa10304e0                x_sys_get_component_info
                0xa10306be                x_sys_init_off_reaction
                0xa103073a                x_sys_set_beeper
 .stw_bios.text
                0xa1030a56       0xb0 ..\libs\esx3xm\libesx3xm.a(x_tim.o)
                0xa1030a96                x_tim_close
                0xa1030abe                x_tim_set
                0xa1030a56                x_tim_init
 .stw_bios.text
                0xa1030b06      0x43a ..\libs\esx3xm\libesx3xm.a(xt_adc.o)
                0xa1030f04                xt_adc_set_scale_factor
                0xa1030b10                xt_adc_set_filter
                0xa1030b06                xt_adc_get_used_dma_channels
                0xa1030b9c                xt_adc_init
                0xa1030ede                xt_adc_get_filter
                0xa1030f20                xt_adc_get_scale_factor
 .stw_bios.text
                0xa1030f40       0x82 ..\libs\esx3xm\libesx3xm.a(xt_cal.o)
                0xa1030f40                xt_cal_get_data
                0xa1030f88                xt_cal_store_data
 .stw_bios.text
                0xa1030fc2      0x23a ..\libs\esx3xm\libesx3xm.a(xt_gpta_timer.o)
                0xa1030ff0                xt_gpta_timer_close
                0xa1031090                xt_gpta_timer_init
                0xa1031026                xt_gpta_timer_set
 .stw_bios.text
                0xa10311fc      0x88a ..\libs\esx3xm\libesx3xm.a(xt_in.o)
                0xa1031a66                xt_in_get_capture
                0xa1031938                xt_in_get_digital_value
                0xa10318f0                xt_in_get_digital_raw_value
                0xa103142c                xt_in_init_mainboard
                0xa1031218                xt_in_get_adc_raw_scaled
                0xa1031810                xt_in_init_digital
                0xa103126a                xt_in_get_adc_scaled
                0xa10311fc                xt_in_set_gain
                0xa1031338                xt_in_get_input_circuit
                0xa10312ba                xt_in_set_input_circuit
 .stw_bios.text
                0xa1031a86      0x544 ..\libs\esx3xm\libesx3xm.a(xt_in_freq_avg.o)
                0xa1031b06                xt_in_freq_avg_init_hardware
                0xa1031de0                xt_in_freq_avg_get_period
                0xa1031b94                xt_in_freq_avg_init
                0xa1031a86                xt_in_freq_avg_get_status
                0xa1031e58                xt_in_freq_avg_init_test_data
                0xa1031ef6                xt_diag_in_freq_avg_init_test_channel
 .stw_bios.text
                0xa1031fca      0x472 ..\libs\esx3xm\libesx3xm.a(xt_in_inc.o)
                0xa103221c                xt_in_inc_init
                0xa1032196                xt_in_inc_set_filter
                0xa1031fdc                xt_in_inc_init_mainboard
                0xa10322c8                xt_in_inc_get_direction
                0xa1031fca                xt_in_inc_get_complement
 .stw_bios.text
                0xa103243c      0x4f4 ..\libs\esx3xm\libesx3xm.a(xt_out.o)
                0xa103243c                xt_out_init_mainboard
                0xa1032792                xt_out_reset_error
                0xa10326e6                xt_out_get_current_feedback
                0xa10327fa                xt_out_set_pwm_frequency
                0xa1032736                xt_out_set_digital
 .stw_bios.text
                0xa1032930      0x224 ..\libs\esx3xm\libesx3xm.a(xt_out_cc.o)
                0xa1032a2a                xt_out_cc_set_parameters
                0xa1032930                xt_out_cc_get_parameters
                0xa1032970                xt_out_cc_set_setpoint
                0xa1032ae0                xt_out_cc_startup
 .stw_bios.text
                0xa1032b54      0x10c ..\libs\esx3xm\libesx3xm.a(xt_out_ramp.o)
                0xa1032b54                xt_out_ramp_startup
                0xa1032bbc                xt_out_ramp_enable
 .stw_bios.text
                0xa1032c60      0x23a ..\libs\esx3xm\libesx3xm.a(xt_out_relay.o)
                0xa1032cf8                xt_out_relay_set
                0xa1032d48                xt_out_relay_reset_error
                0xa1032ce2                xt_out_relay_init
                0xa1032c60                xt_out_relay_startup
                0xa1032db4                xt_out_relay_get_status
 .stw_bios.text
                0xa1032e9a      0xbfa ..\libs\esx3xm\libesx3xm.a(xt_system.o)
                0xa1033160                xt_sys_fpga_test
                0xa10330c0                xt_sys_set_sensor_supply
                0xa1032f06                xt_sys_ssv_init
                0xa103303a                xt_sys_detect_hw_version
                0xa1032eb6                xt_sys_set_init_state
                0xa103314a                xt_sys_init_off_reaction
                0xa1032f90                xt_sys_get_system_information
                0xa103319c                xt_sys_init
                0xa1033a66                xt_sys_install_user_trap_handler
                0xa1032ec2                xt_sys_get_init_state
 .stw_bios.text
                0xa1033a94      0x298 ..\libs\esx3xm\libesx3xm.a(xt_sysver.o)
                0xa1033adc                xt_sys_get_component_info
 .stw_bios.text
                0xa1033d2c      0x20c ..\libs\esx3xm\libesx3xm.a(xll_adc.o)
                0xa1033e84                ADC_get_fADCI
                0xa1033d2c                ADC_init
                0xa1033e9a                ADC_close
                0xa1033e8e                ADC_get_num_kernels
 .stw_bios.text
                0xa1033f38      0x360 ..\libs\esx3xm\libesx3xm.a(xll_dma.o)
                0xa1034086                DMA_set_access
                0xa1034196                DMA_channel_setup
                0xa1034140                DMA_translate_address
                0xa1033f38                DMA_init
 .stw_bios.text
                0xa1034298      0xa56 ..\libs\esx3xm\libesx3xm.a(xll_gpta.o)
                0xa1034418                GPTA_init_global_timer
                0xa10345d4                GPTA_select_LTC_input
                0xa10348ac                GPTA_config_output
                0xa1034572                GPTA_clear_LTC
                0xa1034920                GPTA_install_LTC_PWM
                0xa1034bae                GPTA_install_LTC_PWM_pin
                0xa1034298                GPTA_init
                0xa1034ae8                GPTA_write_IOMUX
                0xa1034692                GPTA_get_input_number
                0xa10347d6                GPTA_select_output
                0xa1034848                GPTA_select_MSC_pin
                0xa1034704                GPTA_select_GTC_input
                0xa1034b16                GPTA_config_output_pin
 .stw_bios.text
                0xa1034cee      0x522 ..\libs\esx3xm\libesx3xm.a(xll_interrupt.o)
                0xa1034f0e                install_interrupt_epilogue
                0xa1034e8a                get_int_handler
                0xa1034df0                install_interrupt
                0xa10350d2                get_trap_handler
                0xa1034e26                _install_int_handler
                0xa10351b0                interrupt_change_runlevel
                0xa10350b0                check_trap_vector_is_empty
                0xa1034f8c                install_trap_handler
                0xa1034d32                install_int_handler
                0xa1035156                speedup_syscall_handler
                0xa1035116                install_syscall_handler
 .stw_bios.text
                0xa1035210      0x61c ..\libs\esx3xm\libesx3xm.a(xll_ioport.o)
                0xa10355ae                port_config_driver
                0xa103578c                port_init_sysclk_div
                0xa10354fa                port_set_estop
                0xa10356cc                port_init_sysclk_freq
                0xa1035210                PORT_init_MSC
                0xa10353b4                port_init_estop
                0xa1035634                port_config_pin_driver
                0xa1035580                port_set_MSC_estop
                0xa1035372                PORT_CONFIG_MSC_PIN
                0xa1035454                port_modify_estop
 .stw_bios.text
                0xa103582c      0x390 ..\libs\esx3xm\libesx3xm.a(xll_pcp.o)
                0xa1035ab0                xll_pcp_init_r7_dptr
                0xa10359a0                xll_pcp_set_enable
                0xa1035ae0                xll_pcp_init_r7_pc
                0xa1035b12                xll_pcp_restore_code_memory
                0xa103582c                xll_pcp_init
                0xa1035a56                xll_pcp_init_error_callback
                0xa1035a92                xll_pcp_install_interrupt
 .stw_bios.text
                0xa1035bbc      0x296 ..\libs\esx3xm\libesx3xm.a(xll_system.o)
                0xa1035c48                system_init
                0xa1035bbc                system_reset_clock_calc
                0xa1035ca8                system_init_internal_watchdog
                0xa1035dd2                system_setup_chipselect
                0xa1035d54                system_soft_reset
 .stw_bios.text
                0xa1035e52      0x3c8 ..\libs\esx3xm\libesx3xm.a(xll_timer.o)
                0xa1035f2c                xll_timer_init
                0xa10361a4                xll_timer_reinstall
                0xa1035e52                xll_timer_install_os_tick
                0xa1036108                xll_timer_install
                0xa1035f94                xll_timer_start
 .stw_bios.text
                0xa103621a      0x18e ..\libs\esx3xm\libesx3xm.a(ivif_eep.o)
                0xa103621a                IVIF_eep_read_list
                0xa10362ba                IVIF_eep_write_list
                0xa1036370                IVIF_eep_write_value
                0xa1036338                IVIF_eep_read_value
 .stw_bios.text
                0xa10363a8      0x11c ..\libs\esx3xm\libesx3xm.a(ivif_eep_drv.o)
                0xa10363ca                IVIF_eep_ssv_init
                0xa1036448                IVIF_eep_drv_write
                0xa10364ae                IVIF_eep_calc_crc
                0xa10363e2                IVIF_eep_drv_read
                0xa10363a8                IVIF_eep_drv_init
 .stw_bios.text
                0xa10364c4      0x174 ..\libs\esx3xm\libesx3xm.a(stwcompid.o)
                0xa10364c4                CID_string_to_bytes
                0xa10365b4                CID_bytes_to_string
 .stw_bios.text
                0xa1036638      0xe04 ..\libs\esx3xm\libesx3xm.a(xb_can.o)
                0xa1037340                xb_can_obj_set_pause
                0xa1036e2c                xb_can_obj_close
                0xa1036fc2                xb_can_obj_send_msg
                0xa1037426                xb_can_obj_get_buf_count
                0xa1037164                xb_can_obj_send_rtr_req
                0xa103684a                xb_can_bus_lock
                0xa1037250                xb_can_obj_check_tx_empty
                0xa1036768                xb_can_bus_init_ext
                0xa1037292                xb_can_obj_lock
                0xa1036a04                xb_can_obj_init
                0xa103665e                xb_can_bus_init
                0xa10369ae                xb_can_bus_perform_busoff_recovery
                0xa10371f4                xb_can_obj_clear_buf
                0xa10367ce                xb_can_bus_get_status
                0xa1036f90                xb_can_obj_get_msg
                0xa10373d2                xb_can_obj_get_status
                0xa1036906                xb_can_bus_change_busoff_time
                0xa1036c0c                xb_can_obj_init_gateway
                0xa10368c6                xb_can_bus_init_failure_callback
                0xa1036ec2                xb_can_bus_close
                0xa1037090                xb_can_obj_set_auto_response
                0xa10367f4                xb_can_bus_set_masks
                0xa10367a6                xb_can_bus_get_sample_point
                0xa10372f6                xb_can_obj_set_filter
 .stw_bios.text
                0xa103743c      0x22a ..\libs\esx3xm\libesx3xm.a(xb_can_hwtest.o)
                0xa103764a                xb_can_hwtest_close
                0xa103743c                xb_can_hwtest_insert_error_bits
                0xa103751a                xb_can_hwtest_init
 .stw_bios.text
                0xa1037666      0x506 ..\libs\esx3xm\libesx3xm.a(xb_dffs.o)
                0xa10377fa                xb_dffs_write_buffer
                0xa103779a                xb_dffs_open
                0xa1037684                xb_dffs_get_device_max
                0xa10376fc                xb_dffs_list
                0xa10378f6                xb_dffs_remove
                0xa10379f0                xb_dffs_store
 .stw_bios.text
                0xa1037b6c       0x18 ..\libs\esx3xm\libesx3xm.a(xb_eep.o)
                0xa1037b7e                xb_eep_get_status
                0xa1037b6c                xb_eep_read
                0xa1037b72                xb_eep_write
                0xa1037b78                xb_eep_flush
 .stw_bios.text
                0xa1037b84      0x816 ..\libs\esx3xm\libesx3xm.a(xb_eep_cache.o)
                0xa1037e20                xb_eep_cache_flush_direct
                0xa1037d40                xb_eep_cache_get_status
                0xa1038248                xb_eep_cache_write
                0xa1037b84                xb_eep_cache_init_watchdog
                0xa1037c9a                xb_eep_cache_flush
                0xa10381d0                xb_eep_cache_read
                0xa1037f22                xb_eep_cache_init
                0xa1037cf4                xb_eep_cache_delete
 .stw_bios.text
                0xa103839a      0x4bc ..\libs\esx3xm\libesx3xm.a(xb_eep_spi.o)
                0xa10387da                xb_eep_spi_write
                0xa1038840                xb_eep_spi_write_page
                0xa1038578                xb_eep_spi_get_device_id
                0xa103839e                xb_eep_spi_init
                0xa1038508                xb_eep_spi_ready
                0xa103839a                xb_eep_spi_check_hardware
                0xa103847c                xb_eep_spi_close
                0xa10384c0                xb_eep_spi_get_size
                0xa10384ae                xb_eep_spi_get_page_size
                0xa1038664                xb_eep_spi_read
 .stw_bios.text
                0xa1038856       0x3e ..\libs\esx3xm\libesx3xm.a(xb_err.o)
                0xa1038856                xb_err_set_error
 .stw_bios.text
                0xa1038894       0x86 ..\libs\esx3xm\libesx3xm.a(xb_fifo.o)
                0xa1038912                xb_fifo_free
                0xa1038894                xb_fifo_init
 .stw_bios.text
                0xa103891a      0x912 ..\libs\esx3xm\libesx3xm.a(xb_fl.o)
                0xa1038f2a                xb_fl_parse_signature_block
                0xa1038a20                xb_fl_get_num_checksum_blocks
                0xa1039092                xb_fl_perform_signature_block_check
                0xa1038a64                xb_fl_check_valid_flash_area
                0xa103898c                xb_fl_get_num_interfaces
                0xa1039174                xb_fl_detect_flash
                0xa1038b8c                xb_fl_set_checksum_block_addresses
                0xa1038a28                xb_fl_get_checksum_block_addresses
                0xa1038aae                xb_fl_get_checksum_block_check
                0xa1038ada                xb_fl_set_checksum_block_check
                0xa103891a                xb_fl_get_version
                0xa1038b24                xb_fl_get_checksum_block_status
                0xa10391f4                xb_fl_get_rom_size
                0xa1038998                xb_fl_get_interface_parameters
                0xa1038d56                xb_fl_set_interface_parameters
 .stw_bios.text
                0xa103922c      0x2fa ..\libs\esx3xm\libesx3xm.a(xb_malloc.o)
                0xa1039342                xb_free
                0xa103922c                xb_malloc
                0xa10394be                xb_memclass_destroy
                0xa103931a                xb_calloc
                0xa1039446                xb_memclass_create
                0xa103950e                xb_memclass_info
 .stw_bios.text
                0xa1039526      0xee4 ..\libs\esx3xm\libesx3xm.a(xb_os.o)
                0xa103a3fc                xb_os_disable_memory_protection
                0xa1039e54                xb_os_get_event_mask
                0xa1039902                xb_os_suspend_task
                0xa1039c9c                xb_os_wait_period
                0xa1039ac0                xb_os_get_task_safety_lvl
                0xa1039aec                xb_os_check_task_stack
                0xa103975c                xb_os_delete_task
                0xa103a16a                xb_os_create_task
                0xa1039e84                xb_os_set_events
                0xa10399f2                xb_os_resume_task
                0xa1039646                xb_os_start
                0xa1039be6                xb_os_get_task_stack_space
                0xa1039a9e                xb_os_get_task_handle
                0xa1039526                xb_os_init
                0xa1039c20                xb_os_set_task_timer
                0xa1039734                xb_os_check_task_handle
                0xa1039d60                xb_os_sleep
                0xa1039fce                xb_os_event_wait_task
                0xa1039f44                xb_os_get_events
                0xa103a04e                xb_os_event_release_task
                0xa1039e2a                xb_os_set_event_mask
 .stw_bios.text
                0xa103a40a      0x1b6 ..\libs\esx3xm\libesx3xm.a(xb_pid_control.o)
                0xa103a40a                xb_pid_init
 .stw_bios.text
                0xa103a5c0      0x3a0 ..\libs\esx3xm\libesx3xm.a(xb_ssc_dma.o)
                0xa103a808                xb_ssc_dma_init_wait_callback
                0xa103a5c0                xb_ssc_dma_init
                0xa103a766                xb_ssc_dma_init_end_isr_callback
                0xa103a848                xb_ssc_dma_transfer_byte
                0xa103a736                xb_ssc_dma_check_init
 .stw_bios.text
                0xa103a960      0x6ce ..\libs\esx3xm\libesx3xm.a(xb_ssv.o)
                0xa103ad6e                xb_ssv_get_error_status
                0xa103ad38                xb_ssv_get_adc_values
                0xa103abf4                xb_ssv_disable_relay
                0xa103ada6                xb_ssv_get_status
                0xa103a982                xb_ssv_get_last_cpu_reset
                0xa103ac32                xb_ssv_set_config
                0xa103add4                xb_ssv_get_sw_version
                0xa103a98c                xb_ssv_set_userwd_trigger
                0xa103acd6                xb_ssv_get_config
                0xa103a9ca                xb_ssv_trigger
                0xa103ae3c                xb_ssv_init
                0xa103adfa                xb_ssv_get_version
                0xa103a96a                xb_ssv_close
 .stw_bios.text
                0xa103b02e       0x4a ..\libs\esx3xm\libesx3xm.a(3xm_stw_eeprom_data.o)
                0xa103b02e                IV_set_defaults
 .stw_bios.text
                0xa103b078       0x6c ..\libs\esx3xm\libesx3xm.a(xb_eep_spi_cfg.o)
 .stw_bios.text
                0xa103b0e4      0x298 ..\libs\esx3xm\libesx3xm.a(xb_mpu_cfg.o)
                0xa103b100                xb_mpu_cfg_revoke_main_permissions
                0xa103b23a                xb_mpu_cfg_init_os_protection_set_memory
                0xa103b174                xb_mpu_cfg_set_mpu_configuration
                0xa103b0e4                xb_mpu_cfg_set_default_task_protection
                0xa103b290                xb_mpu_cfg_split_dpr_area
                0xa103b28a                xb_mpu_cfg_get_user_protection_set
                0xa103b282                xb_mpu_cfg_free_os_protection_set_memory
                0xa103b33a                xb_mpu_cfg_disable_safety_critical_access
 .stw_bios.text
                0xa103b37c      0x128 ..\libs\esx3xm\libesx3xm.a(xb_ssv_cfg.o)
                0xa103b37c                xb_ssv_init_ack_signal
                0xa103b40e                xb_ssv_set_syswd
                0xa103b496                xb_ssv_init_alive_signal_handler
                0xa103b452                xb_ssv_set_userwd
                0xa103b482                xb_ssv_get_userwd
                0xa103b3b4                xb_ssv_set_reset
                0xa103b43e                xb_ssv_get_syswd
                0xa103b3ea                xb_ssv_set_cs
 .stw_bios.text
                0xa103b4a4      0x506 ..\libs\esx3xm\libesx3xm.a(x_fl.o)
                0xa103b4a4                x_fl_get_version
                0xa103b6a8                x_fl_get_finger_print
                0xa103b560                x_fl_get_checksum_block_addresses
                0xa103b4cc                x_fl_get_num_interfaces
                0xa103b888                x_fl_get_content_changed_flag
                0xa103b59c                x_fl_set_checksum_block_addresses
                0xa103b55c                x_fl_get_num_checksum_blocks
                0xa103b4d0                x_fl_get_interface_parameters
                0xa103b516                x_fl_set_interface_parameters
                0xa103b5d8                x_fl_get_checksum_block_check
                0xa103b8ec                x_fl_perform_signature_block_check
                0xa103b640                x_fl_set_checksum_block_check
                0xa103b922                x_fl_reset_content_changed_flag
 .stw_bios.text
                0xa103b9aa      0x724 ..\libs\esx3xm\libesx3xm.a(xb_eb.o)
                0xa103beca                xb_eb_calloc
                0xa103c028                xb_eb_adc_set_filter_safe
                0xa103bfac                xb_eb_relay_suppress_clearance
                0xa103bbc6                xb_eb_get_sernum
                0xa103b9aa                xb_eb_init
                0xa103be66                xb_eb_interrupt_install_safe
                0xa103c07c                xb_eb_adc_get_scale_factor
                0xa103c0aa                xb_eb_fifo_init
                0xa103c014                xb_eb_adc_set_filter
                0xa103bc70                xb_eb_eep_write
                0xa103bcac                xb_eb_eeprom_enable
                0xa103c05e                xb_eb_adc_set_scale_factor_safe
                0xa103c080                xb_eb_cal_get_data
                0xa103c0bc                xb_eb_fifo_free
                0xa103beb0                xb_eb_malloc
                0xa103beac                xb_eb_timer_install
                0xa103be9e                xb_eb_timer_install_safe
                0xa103be76                xb_eb_interrupt_install
                0xa103c04a                xb_eb_adc_set_scale_factor
                0xa103bbe6                xb_eb_set_type
                0xa103c046                xb_eb_adc_get_filter
                0xa103bee6                xb_eb_free
                0xa103bba2                xb_eb_get_type
                0xa103bb86                xb_eb_set_service_handlers
                0xa103bc34                xb_eb_eep_read
 .stw_bios.text
                0xa103c0ce      0x18a ..\libs\esx3xm\libesx3xm.a(xt_extint.o)
                0xa103c166                xt_extint_install_interrupt
                0xa103c0ce                xt_extint_init
 .stw_bios.text
                0xa103c258      0xa52 ..\libs\esx3xm\libesx3xm.a(xll_mpu.o)
                0xa103c28a                xll_mpu_get_config
                0xa103c258                xll_mpu_init
                0xa103c25c                xll_mpu_set
                0xa103c604                xll_mpu_self_test
                0xa103c34c                xll_mpu_set_config
 .stw_bios.text
                0xa103ccaa     0x11c8 ..\libs\esx3xm\libesx3xm.a(xll_multican.o)
                0xa103d0e2                mcan_obj_set_invalid
                0xa103cff2                mcan_obj_set_filter
                0xa103d130                mcan_obj_set_valid
                0xa103ce46                mcan_get_clock
                0xa103cd02                mcan_init_clock
                0xa103d944                mcan_new_msgobj
                0xa103cf66                mcan_set_bitrate
                0xa103d544                mcan_close
                0xa103ce72                mcan_get_sample_point
                0xa103db8e                mcan_init
                0xa103d444                mcan_delete_msgobj
                0xa103d306                mcan_obj_clear_buf
                0xa103d700                mcan_new_gateway
 .stw_bios.text
                0xa103de72      0x8aa ..\libs\esx3xm\libesx3xm.a(xll_ssc.o)
                0xa103df34                SSC_close
                0xa103e05c                SSC_get_FIFO
                0xa103e0fe                SSC_request
                0xa103de72                SSC_release
                0xa103e0d2                SSC_transfer_word
                0xa103debc                SSC_abort
                0xa103e2a8                SSC_open
                0xa103e0a6                SSC_transfer_byte
 .stw_bios.text
                0xa103e71c       0xa8 ..\libs\esx3xm\libesx3xm.a(xb_mpu.o)
                0xa103e71c                xb_mpu_get_status
                0xa103e75e                xb_mpu_init_memclass
                0xa103e73a                xb_mpu_set_status
                0xa103e7ba                xb_mpu_get_protected_memclass
 .stw_bios.text
                0xa103e7c4       0xee ..\libs\esx3xm\libesx3xm.a(xb_eb_cfg.o)
                0xa103e7c4                xb_eb_install_interrupt_handler
                0xa103e7cc                xb_eb_eeprom_active
                0xa103e7f2                xb_eb_spi_enable
 .stw_bios.text
                0xa103e8b2      0x208 ..\libs\esx3xm\libesx3xm.a(xll_can_bittime.o)
                0xa103e8b2                xll_can_get_bittime
                0xa103eaba                SEC_STW_BIOS_TEXT_END = <code 335> (.)

.ext_noninterfering.text
                0xa103eaba        0x6
                0xa103eaba                SEC_EXT_NONINTERFERING_CODE_START = <code 335> (.)
                0xa103eac0                . = ALIGN (0x8)
 *fill*         0xa103eaba        0x6 00000000
 *fill*         0xa103eac0        0x0 00000000
                0xa103eac0                MPU_EXPORT_NONINTERFERING_CODE_START = <code 335> (.)
 *(*.ext_noninterfering.text.*)
 *(*.ext_noninterfering.text)
                0xa103eac0                . = ALIGN (0x8)
                0xa103eac0                MPU_EXPORT_NONINTERFERING_CODE_END = <code 335> (.)
                0xa103eac0                SEC_EXT_NONINTERFERING_CODE_END = <code 335> (.)

.rodata         0xa103eac0     0x116d
                0xa103eac0                . = ALIGN (0x8)
 *(.rodata)
 .rodata        0xa103eac0       0x18 ..\temp\release\libs\BSP\MultiIO\MultiIO.o
 .rodata        0xa103ead8       0x1c ..\temp\release\libs\BSP\OD\DeviceOD.o
 .rodata        0xa103eaf4       0x44 ..\libs\eb02\libeb02.a(x02_sys.o)
                0xa103eaf4                gt_x02_lib_version
 .rodata        0xa103eb38      0x250 ..\libs\eb02\libeb02.a(eb02_variant.o)
 .rodata        0xa103ed88        0x8 ..\libs\eb05\libeb05.a(x05_in.o)
 .rodata        0xa103ed90       0x44 ..\libs\eb05\libeb05.a(x05_sys.o)
                0xa103ed90                gt_x05_lib_version
 .rodata        0xa103edd4       0x14 ..\libs\eb05\libeb05.a(eb04_in.o)
 .rodata        0xa103ede8       0x10 ..\libs\eb05\libeb05.a(eb04_out.o)
 .rodata        0xa103edf8       0x14 ..\libs\eb05\libeb05.a(eb04_out_cc.o)
 .rodata        0xa103ee0c      0xc88 ..\libs\eb05\libeb05.a(eb04_variant.o)
 .rodata        0xa103fa94       0x14 ..\libs\BSP\CommPort\col2\library\col2_tricore.a(col2.o)
 .rodata        0xa103faa8      0x15c ..\libs\BSP\CommPort\col2\library\col2_tricore.a(col2_base.o)
 .rodata        0xa103fc04       0x10 C:/Program Files (x86)/STW/Tricore Toolchain/GCC_3_4_6/bin/../lib/gcc/tricore/3.4.5/tc1796\libgcc.a(fp-bit.o)
                0xa103fc04                __thenan_sf
 .rodata        0xa103fc14       0x14 C:/Program Files (x86)/STW/Tricore Toolchain/GCC_3_4_6/bin/../lib/gcc/tricore/3.4.5/tc1796\libgcc.a(dp-bit.o)
                0xa103fc14                __thenan_df
 .rodata        0xa103fc28        0x4 C:/Program Files (x86)/STW/Tricore Toolchain/GCC_3_4_6/bin/../tricore/lib/tc1796\libc.a(impure.o)
 *(.rodata.a1)
 .rodata.a1     0xa103fc2c        0x1 ..\temp\release\libs\BSP\CommPort\col2\templates\col2_config.o
                0xa103fc2c                gu8_col2_NumSupportedBusses
 *(.rodata.a2)
 *(.rodata.a4)
 *(.rodata.a8)
 *(.rodata.*)
 *(.gnu.linkonce.r.*)
 *(.rodata1)

.stw_bios_rodata
                0xa103fc30     0x2c84
                0xa103fc30                . = ALIGN (0x8)
                0xa103fc30                SEC_STW_BIOS_RODATA_START = <code 335> (.)
 *(*.stw_bios.rodata*)
 .stw_bios.rodata
                0xa103fc30       0x20 ..\libs\esx3xm\libesx3xm.a(x_in.o)
 .stw_bios.rodata
                0xa103fc50        0x8 ..\libs\esx3xm\libesx3xm.a(x_out.o)
 .stw_bios.rodata
                0xa103fc58      0x398 ..\libs\esx3xm\libesx3xm.a(xt_adc.o)
 .stw_bios.rodata
                0xa103fff0      0x1a8 ..\libs\esx3xm\libesx3xm.a(xt_in.o)
                0xa103fff0                gat_InputInit
 .stw_bios.rodata
                0xa1040198       0xe0 ..\libs\esx3xm\libesx3xm.a(xt_in_freq_avg.o)
 .stw_bios.rodata
                0xa1040278       0x78 ..\libs\esx3xm\libesx3xm.a(xt_in_inc.o)
 .stw_bios.rodata
                0xa10402f0       0x44 ..\libs\esx3xm\libesx3xm.a(xt_out.o)
 .stw_bios.rodata
                0xa1040334       0x14 ..\libs\esx3xm\libesx3xm.a(xt_out_cc.o)
 .stw_bios.rodata
                0xa1040348      0x128 ..\libs\esx3xm\libesx3xm.a(xt_system.o)
 .stw_bios.rodata
                0xa1040470       0x54 ..\libs\esx3xm\libesx3xm.a(xt_sysver.o)
 .stw_bios.rodata
                0xa10404c4      0xacc ..\libs\esx3xm\libesx3xm.a(xll_gpta.o)
 .stw_bios.rodata
                0xa1040f90       0x6c ..\libs\esx3xm\libesx3xm.a(xll_interrupt.o)
 .stw_bios.rodata
                0xa1040ffc        0x4 ..\libs\esx3xm\libesx3xm.a(xll_vectortable.o)
                0xa1040ffc                gu32_vector_table_id
 .stw_bios.rodata
                0xa1041000       0x4c ..\libs\esx3xm\libesx3xm.a(xb_can_hwtest.o)
 .stw_bios.rodata
                0xa104104c       0x10 ..\libs\esx3xm\libesx3xm.a(xb_dffs.o)
 .stw_bios.rodata
                0xa104105c       0xbc ..\libs\esx3xm\libesx3xm.a(xb_fl.o)
 .stw_bios.rodata
                0xa1041118     0x1318 ..\libs\esx3xm\libesx3xm.a(3xm_stw_eeprom_data.o)
                0xa10415d8                gat_IV_DataLists
                0xa1041118                gu16_IV_NumOfVariables
                0xa104111c                gu16_IV_DataVersion
                0xa104111a                gu16_IV_Checksum
                0xa1041f68                gacn_IV_ProjectName
 .stw_bios.rodata
                0xa1042430       0x20 ..\libs\esx3xm\libesx3xm.a(xb_dffs_cfg.o)
                0xa1042430                gat_dffs_device
 .stw_bios.rodata
                0xa1042450       0x58 ..\libs\esx3xm\libesx3xm.a(xb_fl_cfg.o)
                0xa1042458                gpu32_XbFl_RS232BitrateList
                0xa104247c                gpu32_XbFl_CanBitrateList
                0xa1042450                gau8_XbFl_InterfaceTypes
                0xa10424a4                gpu8_XbFl_ID
 .stw_bios.rodata
                0xa10424a8        0x2 ..\libs\esx3xm\libesx3xm.a(xb_mpu_cfg.o)
                0xa10424a8                gu16_XB_OS_MPU_SAFETY_ZONE
 *fill*         0xa10424aa        0x2 00000000
 .stw_bios.rodata
                0xa10424ac       0x50 ..\libs\esx3xm\libesx3xm.a(xb_ssc_dma_cfg.o)
                0xa10424cc                gat_DmaAccessData
                0xa10424ec                gapt_SSC_DMA
                0xa10424ac                gat_DmaAccessMask
 .stw_bios.rodata
                0xa10424fc       0x78 ..\libs\esx3xm\libesx3xm.a(xll_lib_cfg.o)
                0xa1042570                gs32_INTLEVEL_BIOSTIMER_OS_TICK
                0xa1042568                gs32_INTLEVEL_BIOSTIMER_LOW
                0xa1042538                gas32_INTLEVEL_MCAN_NODE
                0xa1042534                gs32_INTLEVEL_MCAN_CFC
                0xa1042548                gas32_GPTA_GT_RUNLEVEL
                0xa1042508                gatCAN_SPEED_PIN
                0xa104252c                gs32_INTLEVEL_MCAN_RX
                0xa1042564                gs32_INTLEVEL_BIOSTIMER_MEDIUM
                0xa104255c                gs32_INTLEVEL_DMA_ERR
                0xa104256c                gs32_INTLEVEL_BIOSTIMER_TICK
                0xa1042558                gs32_INTLEVEL_DMA_ERRRUN
                0xa1042528                gs32_INTLEVEL_MCAN_RUN
                0xa1042560                gs32_INTLEVEL_BIOSTIMER_HIGH
                0xa1042550                gas32_GPTA_GT_INTLEVEL
                0xa10424fc                gapr_FlashDetect
                0xa1042530                gs32_INTLEVEL_MCAN_TX
 .stw_bios.rodata
                0xa1042574       0x14 ..\libs\esx3xm\libesx3xm.a(xll_pcp_cfg.o)
                0xa1042584                gs32_PCP_CSA_Size
                0xa1042574                gu8_PCP_Chn_Max
                0xa1042580                gu32_PCP_ChnWatchdog
                0xa1042578                gs32_INTLEVEL_PCP_ERR
                0xa104257c                gs32_INTLEVEL_PCP_ITP
 .stw_bios.rodata
                0xa1042588       0x78 ..\libs\esx3xm\libesx3xm.a(xb_eb.o)
                0xa10425fe                gu16_expboard_num_slots
 .stw_bios.rodata
                0xa1042600       0x30 ..\libs\esx3xm\libesx3xm.a(xt_extint.o)
 .stw_bios.rodata
                0xa1042630       0x84 ..\libs\esx3xm\libesx3xm.a(xll_multican.o)
 .stw_bios.rodata
                0xa10426b4       0xf8 ..\libs\esx3xm\libesx3xm.a(xll_ssc.o)
 .stw_bios.rodata
                0xa10427ac       0xb0 ..\libs\esx3xm\libesx3xm.a(xb_flash_M58BWxxx.o)
 .stw_bios.rodata
                0xa104285c       0x28 ..\libs\esx3xm\libesx3xm.a(xb_flash_TriCore.o)
 .stw_bios.rodata
                0xa1042884       0x30 ..\libs\esx3xm\libesx3xm.a(xb_eb_cfg.o)
                0xa1042884                gapu32_ExpBoardSrc
                0xa10428b4                SEC_STW_BIOS_RODATA_END = <code 335> (.)
                0xa10428b4                . = ALIGN (0x4)

.ctors          0xa10428b4       0x10
                0xa10428b4                . = ALIGN (0x4)
                0xa10428b4                __CTOR_LIST__ = .
                0xa10428b4        0x4 LONG 0x2 (((__CTOR_END__ - __CTOR_LIST__) / 0x4) - 0x2)
 *(.ctors)
 .ctors         0xa10428b8        0x4 C:/Program Files (x86)/STW/Tricore Toolchain/GCC_3_4_6/bin/../lib/gcc/tricore/3.4.5/tc1796/crtbegin.o
 .ctors         0xa10428bc        0x4 C:/Program Files (x86)/STW/Tricore Toolchain/GCC_3_4_6/bin/../lib/gcc/tricore/3.4.5/tc1796/crtend.o
                0xa10428c0        0x4 LONG 0x0
                0xa10428c4                __CTOR_END__ = .
                0xa10428c4                . = ALIGN (0x4)

.dtors          0xa10428c4       0x10
                0xa10428c4                . = ALIGN (0x4)
                0xa10428c4                __DTOR_LIST__ = .
                0xa10428c4        0x4 LONG 0x2 (((__DTOR_END__ - __DTOR_LIST__) / 0x4) - 0x2)
 *(.dtors)
 .dtors         0xa10428c8        0x4 C:/Program Files (x86)/STW/Tricore Toolchain/GCC_3_4_6/bin/../lib/gcc/tricore/3.4.5/tc1796/crtbegin.o
 .dtors         0xa10428cc        0x4 C:/Program Files (x86)/STW/Tricore Toolchain/GCC_3_4_6/bin/../lib/gcc/tricore/3.4.5/tc1796/crtend.o
                0xa10428d0        0x4 LONG 0x0
                0xa10428d4                __DTOR_END__ = .
                0xa10428d4                . = ALIGN (0x4)
                0x00001000                __ISTACK_SIZE = DEFINED (__ISTACK_SIZE)?__ISTACK_SIZE:0x1000
                0x00005000                __USTACK_SIZE = DEFINED (__USTACK_SIZE)?__USTACK_SIZE:0x5000
                0x00006000                __CSA_MIN = DEFINED (__CSA_MIN)?__CSA_MIN:0x6000
                0x00000006                __LCX_HEADROOM = DEFINED (__LCX_HEADROOM)?__LCX_HEADROOM:0x6
                0x00080000                __HEAP_MIN = DEFINED (__HEAP_MIN)?__HEAP_MIN:0x80000
                0x00004000                __HEAP_SYS_INTERN_MIN = DEFINED (__HEAP_SYS_INTERN_MIN)?__HEAP_SYS_INTERN_MIN:0x4000
                0x00014000                __HEAP_SYS_EXTERN_MIN = DEFINED (__HEAP_SYS_EXTERN_MIN)?__HEAP_SYS_EXTERN_MIN:0x14000
                0x00014000                __HEAP_SYS_EXTERN_SIZE = DEFINED (__HEAP_SYS_EXTERN_SIZE)?__HEAP_SYS_EXTERN_SIZE:__HEAP_SYS_EXTERN_MIN
                0x001e0000                MEM_INT_CROM_SIZE = (MEM_INT_CROM_END - MEM_INT_CROM_START)
                0x00000000                MEM_INT_CROM_USED = (MEM_INT_CROM_USED_END - MEM_INT_CROM_START)
                0x003e0000                MEM_EXT_CROM_SIZE = (MEM_EXT_CROM_END - MEM_EXT_CROM_START)
                0x0002f518                MEM_EXT_CROM_USED = (MEM_EXT_CROM_USED_END - MEM_EXT_CROM_START)
                0x00010000                MEM_EXT_RES_SIZE = (MEM_EXT_RES_END - MEM_EXT_RES_START)
                0x003e0000                MEM_EXT_DRAM_SIZE = (MEM_EXT_DRAM_END - MEM_EXT_DRAM_START)
                0x00023ab8                MEM_EXT_DRAM_USED = (MEM_EXT_DRAM_USED_END - MEM_EXT_DRAM_START)
                0x00010000                MEM_EXT_CRAM_SIZE = (MEM_EXT_CRAM_END - MEM_EXT_CRAM_START)
                0x00001190                MEM_EXT_CRAM_USED = (MEM_EXT_CRAM_USED_END - MEM_EXT_CRAM_START)
                0x00010000                MEM_INT_SRAM_SIZE = (MEM_INT_SRAM_END - MEM_INT_SRAM_START)
                0x00002c28                MEM_INT_SRAM_USED = (MEM_INT_SRAM_USED_END - MEM_INT_SRAM_START)
                0x00004000                MEM_INT_SBRAM_SIZE = (MEM_INT_SBRAM_END - MEM_INT_SBRAM_START)
                0x00000000                MEM_INT_SBRAM_USED = (MEM_INT_SBRAM_USED_END - MEM_INT_SBRAM_START)
                0x0000e000                MEM_INT_DRAM_SIZE = (MEM_INT_DRAM_END - MEM_INT_DRAM_START)
                0x00006740                MEM_INT_DRAM_USED = (MEM_INT_DRAM_USED_END - MEM_INT_DRAM_START)
                0x00002000                MEM_INT_DPRAM_SIZE = (MEM_INT_DPRAM_END - MEM_INT_DPRAM_START)
                0x00000100                MEM_INT_DPRAM_USED = (MEM_INT_DPRAM_USED_END - MEM_INT_DPRAM_START)
                0x000036c8                MEM_INT_FCRAM_SIZE = (MEM_INT_FCRAM_END - MEM_INT_FCRAM_START)
                0x000036c8                MEM_INT_FCRAM_USED = (MEM_INT_FCRAM_USED_END - MEM_INT_FCRAM_START)
                0xa1044cd4                MEM_INT_FCRAM_LOADADDR_START = MEM_INT_FCRAM_LOADADDR_START
                0xa104839c                MEM_INT_FCRAM_LOADADDR_USED_END = (MEM_INT_FCRAM_LOADADDR_START + MEM_INT_FCRAM_USED)
                0xa1042cd4                MEM_INT_IVRAM_LOADADDR_START = MEM_INT_IVRAM_LOADADDR_START
                0x00004000                MEM_PCP_DATA_SIZE = (MEM_PCP_DATA_END - MEM_PCP_DATA_START)
                0x00000a00                MEM_PCP_DATA_USED = (MEM_PCP_DATA_USED_END - MEM_PCP_DATA_START)
                0x00008000                MEM_PCP_TEXT_SIZE = (MEM_PCP_TEXT_END - MEM_PCP_TEXT_START)
                0xffff0a00                MEM_PCP_TEXT_USED = (MEM_PCP_TEXT_USED_END - MEM_PCP_TEXT_START)
                0xd0000000                __ISTACK_BEGIN = __ISTACK_START
                0xd0001000                __ISTACK_END = __ISTACK
                0xd0001000                __USTACK_BEGIN = __ISTACK
                0xd0006020                __USTACK_END = __USTACK
                0xd000e000                __CSA_END = MEM_INT_DRAM_END
                0x000078c0                __CSA_SIZE = (__CSA_END - __CSA_BEGIN)
                0x0000fd42                STW_BIOS_TEXT_USED = (SEC_STW_BIOS_TEXT_END - SEC_STW_BIOS_TEXT_START)
                0x00002c84                STW_BIOS_RODATA_USED = (SEC_STW_BIOS_RODATA_END - SEC_STW_BIOS_RODATA_START)
                0x00002b38                STW_BIOS_FASTRAM_USED = (SEC_STW_BIOS_FASTRAM_END - SEC_STW_BIOS_FASTRAM_START)
                0x00001190                STW_BIOS_CODERAM_USED = (SEC_STW_BIOS_CODERAM_END - SEC_STW_BIOS_CODERAM_START)
                0x00002598                STW_BIOS_SRAM_USED = (SEC_STW_BIOS_SRAM_END - SEC_STW_BIOS_SRAM_START)
                0x00001420                STW_BIOS_EXT_DRAM_USED = (((SEC_STW_BIOS_DATA_END - SEC_STW_BIOS_DATA_START) + (SEC_STW_BIOS_BSS_END - SEC_STW_BIOS_BSS_START)) + (SEC_STW_BIOS_NOINIT_END - SEC_STW_BIOS_NOINIT_START))
                0x000005d8                STW_BIOS_INT_DRAM_USED = (SEC_STW_BIOS_DRAM_END - SEC_STW_BIOS_DRAM_START)
                0x00000100                STW_BIOS_DPRAM_USED = (SEC_STW_BIOS_DPRAM_END - SEC_STW_BIOS_DPRAM_START)
                0xa0020000                gu32_INT_CROM_FIRST_ADDRESS = MEM_INT_CROM_START
                0xa1020000                gu32_EXT_CROM_FIRST_ADDRESS = MEM_EXT_CROM_START
                0xa4000000                gu32_EXT_RAM_FIRST_ADDRESS = MEM_EXT_RAM_START
                0xa4000000                gu32_EXT_RES_FIRST_ADDRESS = MEM_EXT_RES_START
                0xa4010000                gu32_EXT_DRAM_FIRST_ADDRESS = MEM_EXT_DRAM_START
                0xa43f0000                gu32_EXT_CRAM_FIRST_ADDRESS = MEM_EXT_CRAM_START
                0xc0000000                gu32_INT_SRAM_FIRST_ADDRESS = MEM_INT_SRAM_START
                0xc03fc000                gu32_INT_SBRAM_FIRST_ADDRESS = MEM_INT_SBRAM_START
                0xd0000000                gu32_INT_DRAM_FIRST_ADDRESS = MEM_INT_DRAM_START
                0xd000e000                gu32_INT_DPRAM_FIRST_ADDRESS = MEM_INT_DPRAM_START
                0xd4000000                gu32_INT_SPRAM_FIRST_ADDRESS = MEM_INT_SPRAM_START
                0xf0050000                gu32_PCP_DATA_FIRST_ADDRESS = MEM_PCP_DATA_START
                0xf0060000                gu32_PCP_TEXT_FIRST_ADDRESS = MEM_PCP_TEXT_START
                0xa01fffff                gu32_INT_CROM_LAST_ADDRESS = (MEM_INT_CROM_END - 0x1)
                0xa13fffff                gu32_EXT_CROM_LAST_ADDRESS = (MEM_EXT_CROM_END - 0x1)
                0xa400ffff                gu32_EXT_RES_LAST_ADDRESS = (MEM_EXT_RES_END - 0x1)
                0xa43effff                gu32_EXT_DRAM_LAST_ADDRESS = (MEM_EXT_DRAM_END - 0x1)
                0xa43fffff                gu32_EXT_CRAM_LAST_ADDRESS = (MEM_EXT_CRAM_END - 0x1)
                0xc000ffff                gu32_INT_SRAM_LAST_ADDRESS = (MEM_INT_SRAM_END - 0x1)
                0xc03fffff                gu32_INT_SBRAM_LAST_ADDRESS = (MEM_INT_SBRAM_END - 0x1)
                0xd000dfff                gu32_INT_DRAM_LAST_ADDRESS = (MEM_INT_DRAM_END - 0x1)
                0xd000ffff                gu32_INT_DPRAM_LAST_ADDRESS = (MEM_INT_DPRAM_END - 0x1)
                0xd400bfff                gu32_INT_SPRAM_LAST_ADDRESS = (MEM_INT_SPRAM_END - 0x1)
                0xf0053fff                gu32_PCP_DATA_LAST_ADDRESS = (MEM_PCP_DATA_END - 0x1)
                0xf0067fff                gu32_PCP_TEXT_LAST_ADDRESS = (MEM_PCP_TEXT_END - 0x1)
                0xc03fc000                gu32_DIAG_RAM_BASE = SEC_STW_DIAG_RAM_START
                0xc03fc000                gu32_DIAG_RAM_END = SEC_STW_DIAG_RAM_END
                0xa4000000                EXT_RES_BASE = MEM_EXT_RES_START
                0x00000001                _. = ASSERT (((__ISTACK & 0x7) == 0x0), ISTACK not doubleword aligned)
                0x00000001                _. = ASSERT (((__USTACK & 0x7) == 0x0), USTACK not doubleword aligned)
                0x00000001                _. = ASSERT (((__CSA_BEGIN & 0x3f) == 0x0), illegal CSA start address)
                0x00000001                _. = ASSERT (((__CSA_SIZE & 0x3f) == 0x0), illegal CSA size)
                0x00000001                _. = ASSERT ((__CSA_SIZE >= __CSA_MIN), not enough memory for CSA)
                0x00000001                _. = ASSERT (((__CSA_SIZE >> 0x6) > __LCX_HEADROOM), LCX does not fit in CSA area)
                0x00000001                _. = ASSERT ((__LCX_HEADROOM >= 0x6), __LCX_HEADROOM should be >= 6)
                0x00000000                NULL = DEFINED (NULL)?NULL:0x0
                0x80000000                MPU_EXPORT_DATA_MIN_ADDR = 0x80000000
                0xe0000000                MPU_EXPORT_DATA_MAX_ADDR = 0xe0000000
                0xa0020000                MPU_EXPORT_CODE_MIN_ADDR = MEM_INT_CROM_START
                0xd400c000                MPU_EXPORT_CODE_MAX_ADDR = MEM_INT_SPRAM_END
                0xc0000000                MPU_EXPORT_SRAM_START = MEM_INT_SRAM_START
                0x00000001                _. = ASSERT (((MPU_EXPORT_DATA_MIN_ADDR <= __ISTACK_START) && (MPU_EXPORT_DATA_MAX_ADDR >= (__ISTACK_START + __ISTACK_SIZE))), interrupt Stack must be within MPU protected area!)
                0x00000001                _. = ASSERT (((MPU_EXPORT_DATA_MIN_ADDR <= __USTACK_START) && (MPU_EXPORT_DATA_MAX_ADDR >= (__USTACK_START + __USTACK_SIZE))), user Stack must be within MPU protected area!)

.init           0xa10428d4       0x14
 *(SORT(.init*))
 .init          0xa10428d4        0x4 C:/Program Files (x86)/STW/Tricore Toolchain/GCC_3_4_6/bin/../lib/gcc/tricore/3.4.5/tc1796/crtbegin.o
 .init          0xa10428d8        0x4 C:/Program Files (x86)/STW/Tricore Toolchain/GCC_3_4_6/bin/../lib/gcc/tricore/3.4.5/tc1796/crtend.o
 .init          0xa10428dc        0x2 C:/Program Files (x86)/STW/Tricore Toolchain/GCC_3_4_6/bin/../lib/gcc/tricore/3.4.5/tc1796/crtn.o
 *(SORT(.fini*))
 *fill*         0xa10428de        0x2 00000000
 .fini          0xa10428e0        0x4 C:/Program Files (x86)/STW/Tricore Toolchain/GCC_3_4_6/bin/../lib/gcc/tricore/3.4.5/tc1796/crtbegin.o
 .fini          0xa10428e4        0x2 C:/Program Files (x86)/STW/Tricore Toolchain/GCC_3_4_6/bin/../lib/gcc/tricore/3.4.5/tc1796/crtn.o
                0xa10428e8                . = ALIGN (0x8)
 *fill*         0xa10428e6        0x2 00000000
 *fill*         0xa10428e8        0x0 00000000

.clear_sec      0xa10428e8       0x38
                0xa10428e8                . = ALIGN (0x4)
                0xa10428e8                __clear_table = .
                0xa10428e8        0x4 LONG 0xa40275c0 (0x0 + ADDR (.bss))
                0xa10428ec        0x4 LONG 0xc4f0 BSS_CLEAR
                0xa10428f0        0x4 LONG 0xc0000000 (0x0 + ADDR (.sbss4))
                0xa10428f4        0x4 LONG 0x0 SIZEOF (.sbss4)
                0xa10428f8        0x4 LONG 0xa4033ab8 (0x0 + ADDR (.sbss))
                0xa10428fc        0x4 LONG 0x0 SIZEOF (.sbss)
                0xa1042900        0x4 LONG 0xc0000000 (0x0 + ADDR (.zbss))
                0xa1042904        0x4 LONG 0x0 SIZEOF (.zbss)
 *(.clear_sec)
                0xa1042908        0x4 LONG 0xa4010290 SEC_STW_BIOS_BSS_START
                0xa104290c        0x4 LONG 0x1188 (SEC_STW_BIOS_BSS_END - SEC_STW_BIOS_BSS_START)
                0xa1042910        0x4 LONG 0xa4025438 SEC_PROTECTED_BSS_START
                0xa1042914        0x4 LONG 0x0 (SEC_PROTECTED_BSS_END - SEC_PROTECTED_BSS_START)
                0xa1042918        0x4 LONG 0xffffffff
                0xa104291c        0x4 LONG 0xffffffff
                0xa1042920                . = ALIGN (0x8)

.heap_tab       0xa1042920       0x34
                0xa1042920                . = ALIGN (0x4)
                0xa1042920                gu32_MemClassDefaultMax = <code 335> (.)
                0xa1042920        0x4 LONG 0x3
                0xa1042924                gu32_MemClassDefault = <code 335> (.)
                0xa1042924        0x4 LONG 0x0
                0xa1042928                gu32_MemClassSysIntern = <code 335> (.)
                0xa1042928        0x4 LONG 0x1
                0xa104292c                gu32_MemClassSysExtern = <code 335> (.)
                0xa104292c        0x4 LONG 0x2
                0xa1042930                __HEAP_TAB_START = <code 335> (.)
                0xa1042930        0x4 LONG 0xa4033ab8 __HEAP
                0xa1042934        0x4 LONG 0xa4033ab8 __HEAP
                0xa1042938        0x4 LONG 0xa43f0000 __HEAP_END
                0xa104293c        0x4 LONG 0xc0002c28 __HEAP_SYS_INTERN
                0xa1042940        0x4 LONG 0xc0002c28 __HEAP_SYS_INTERN
                0xa1042944        0x4 LONG 0xc0010000 __HEAP_SYS_INTERN_END
                0xa1042948        0x4 LONG 0xa4011428 __HEAP_SYS_EXTERN
                0xa104294c        0x4 LONG 0xa4011428 __HEAP_SYS_EXTERN
                0xa1042950        0x4 LONG 0xa4025428 __HEAP_SYS_EXTERN_END
                0x00000024                __HEAP_TAB_SIZE = (<code 335> (.) - __HEAP_TAB_START)
                0xa4010478                __HEAP_TAB_DEST = DEFINED (gat_MemClass)?<code 335> (gat_MemClass):NULL
                0x00000024                __HEAP_TAB_SIZE = (__HEAP_TAB_DEST == NULL)?NULL:__HEAP_TAB_SIZE

.copy_sec       0xa1042954       0xdc
                0xa1042954                __copy_table = .
                0xa1042954        0x4 LONG 0xa1049f78 LOADADDR (.data)
                0xa1042958        0x4 LONG 0xa4025440 (0x0 + ADDR (.data))
                0xa104295c        0x4 LONG 0x2180 SIZEOF (.data)
                0xa1042960        0x4 LONG 0xa104c0f8 LOADADDR (.sdata4)
                0xa1042964        0x4 LONG 0xc0000000 (0x0 + ADDR (.sdata4))
                0xa1042968        0x4 LONG 0x0 SIZEOF (.sdata4)
                0xa104296c        0x4 LONG 0xa104c0f8 LOADADDR (.sdata)
                0xa1042970        0x4 LONG 0xa4033ab8 (0x0 + ADDR (.sdata))
                0xa1042974        0x4 LONG 0x0 SIZEOF (.sdata)
                0xa1042978        0x4 LONG 0xa104c0f8 LOADADDR (.zdata)
                0xa104297c        0x4 LONG 0xc0000000 (0x0 + ADDR (.zdata))
                0xa1042980        0x4 LONG 0x0 SIZEOF (.zdata)
                0xa1042984        0x4 LONG 0xa1042cd4 LOADADDR (.ivect)
                0xa1042988        0x4 LONG 0xd4000000 (0x0 + ADDR (.ivect))
                0xa104298c        0x4 LONG 0x2000 SIZEOF (.ivect)
                0xa1042990        0x4 LONG 0xa1020100 LOADADDR (.tvect)
                0xa1042994        0x4 LONG 0xd4002000 (0x0 + ADDR (.tvect))
                0xa1042998        0x4 LONG 0x100 SIZEOF (.tvect)
                0xa104299c        0x4 LONG 0xa1044cd4 LOADADDR (.fcram)
                0xa10429a0        0x4 LONG 0xd4002200 (0x0 + ADDR (.fcram))
                0xa10429a4        0x4 LONG 0x36c8 SIZEOF (.fcram)
                0xa10429a8        0x4 LONG 0xa104839c LOADADDR (.cram)
                0xa10429ac        0x4 LONG 0xa43f0000 (0x0 + ADDR (.cram))
                0xa10429b0        0x4 LONG 0x1190 SIZEOF (.cram)
                0xa10429b4        0x4 LONG 0xa104952c LOADADDR (.pcptext)
                0xa10429b8        0x4 LONG 0xf0060000 (0x0 + ADDR (.pcptext))
                0xa10429bc        0x4 LONG 0x4c SIZEOF (.pcptext)
                0xa10429c0        0x4 LONG 0xa1049578 LOADADDR (.pcpdata)
                0xa10429c4        0x4 LONG 0xf0050000 (0x0 + ADDR (.pcpdata))
                0xa10429c8        0x4 LONG 0xa00 SIZEOF (.pcpdata)
                0xa10429cc        0x4 LONG 0xa104c0f8 LOADADDR (.sram)
                0xa10429d0        0x4 LONG 0xc0000000 (0x0 + ADDR (.sram))
                0xa10429d4        0x4 LONG 0x2c28 SIZEOF (.sram)
                0xa10429d8        0x4 LONG 0xa104f518 LOADADDR (.sbram)
                0xa10429dc        0x4 LONG 0xc03fc000 (0x0 + ADDR (.sbram))
                0xa10429e0        0x4 LONG 0x0 SIZEOF (.sbram)
                0xa10429e4        0x4 LONG 0xa104ed20 LOADADDR (.dram)
                0xa10429e8        0x4 LONG 0xd0006048 (0x0 + ADDR (.dram))
                0xa10429ec        0x4 LONG 0x6f8 SIZEOF (.dram)
                0xa10429f0        0x4 LONG 0xa104f418 LOADADDR (.dpram)
                0xa10429f4        0x4 LONG 0xd000e000 (0x0 + ADDR (.dpram))
                0xa10429f8        0x4 LONG 0x100 SIZEOF (.dpram)
                0xa10429fc        0x4 LONG 0xa1042930 __HEAP_TAB_START
                0xa1042a00        0x4 LONG 0xa4010478 __HEAP_TAB_DEST
                0xa1042a04        0x4 LONG 0x24 __HEAP_TAB_SIZE
 *(.copy_sec)
                0xa1042a08        0x4 LONG 0xa1042a3c LOADADDR (.stw_bios_data)
                0xa1042a0c        0x4 LONG 0xa4010000 (0x0 + ADDR (.stw_bios_data))
                0xa1042a10        0x4 LONG 0x290 SIZEOF (.stw_bios_data)
                0xa1042a14        0x4 LONG 0xa1042ccc LOADADDR (.protected_data)
                0xa1042a18        0x4 LONG 0xa4025430 (0x0 + ADDR (.protected_data))
                0xa1042a1c        0x4 LONG 0x8 SIZEOF (.protected_data)
                0xa1042a20        0x4 LONG 0xffffffff
                0xa1042a24        0x4 LONG 0xffffffff
                0xa1042a28        0x4 LONG 0xffffffff
                0xa1042a30                . = ALIGN (0x8)
 *fill*         0xa1042a2c        0x4 00
 *fill*         0xa1042a30        0x0 00

.eh_frame       0xa1042a30        0x4
                0xa1042a30                . = ALIGN (0x8)
 *(.gcc_except_table)
                0xa1042a30                __EH_FRAME_BEGIN__ = .
 *(.eh_frame)
 .eh_frame      0xa1042a30        0x4 C:/Program Files (x86)/STW/Tricore Toolchain/GCC_3_4_6/bin/../lib/gcc/tricore/3.4.5/tc1796/crtend.o
                0xa1042a34                __EH_FRAME_END__ = .
                0xa1042a34                . = ALIGN (0x4)

.text_i         0xa0020000        0x0
                0xa0020000                . = ALIGN (0x4)
 *(.text_i)
 *(.text_i.*)

.rodata_i       0xa0020000        0x0
                0xa0020000                . = ALIGN (0x8)
 *(.rodata_i)
 *(.rodata_i.*)

.text_e         0xa1042a34        0x0
                0xa1042a34                . = ALIGN (0x4)
 *(.text_e)
 *(.text_e.*)

.rodata_e       0xa1042a34        0x8
                0xa1042a38                . = ALIGN (0x8)
 *fill*         0xa1042a34        0x4 00000000
 *fill*         0xa1042a38        0x0 00000000
 *(.rodata_e)
 *(.rodata_e.*)
 *(.toc)
 *(.jcr)
 .jcr           0xa1042a38        0x4 C:/Program Files (x86)/STW/Tricore Toolchain/GCC_3_4_6/bin/../lib/gcc/tricore/3.4.5/tc1796/crtend.o

.stw_bios_data  0xa4010000      0x290 load address 0xa1042a3c
                0xa4010000                . = ALIGN (0x8)
                0xa4010000                MPU_EXPORT_STW_BIOS_EXT_RAM_START = <code 335> (.)
                0xa4010008                . = (. + 0x8)
 *fill*         0xa4010000        0x8 00
 *fill*         0xa4010008        0x0 00